0 verbose cli /usr/bin/node /usr/bin/npm
1 info using npm@10.8.2
2 info using node@v20.19.4
3 silly config load:file:/usr/lib/node_modules/npm/npmrc
4 silly config load:file:/mnt/g/development/Advisory/web/.npmrc
5 silly config load:file:/mnt/g/development/Advisory/C:\Users\Carter/.npmrc
6 silly config load:file:/mnt/g/development/Advisory/web/etc/npmrc
7 verbose title npm run build
8 verbose argv "--prefix" "web" "run" "build"
9 verbose logfile logs-max:10 dir:/mnt/g/development/Advisory/C:\Users\Carter/.npm/_logs/2026-06-11T13_50_55_891Z-
10 verbose logfile /mnt/g/development/Advisory/C:\Users\Carter/.npm/_logs/2026-06-11T13_50_55_891Z-debug-0.log
11 silly logfile done cleaning log files
12 http fetch GET 200 https://registry.npmjs.org/npm 162ms
13 verbose cwd /mnt/g/development/Advisory
14 verbose os Linux 5.15.167.4-microsoft-standard-WSL2
15 verbose node v20.19.4
16 verbose npm  v10.8.2
17 notice
17 notice New major version of npm available! 10.8.2 -> 11.16.0
17 notice Changelog: https://github.com/npm/cli/releases/tag/v11.16.0
17 notice To update run: npm install -g npm@11.16.0
17 notice  { force: true, [Symbol(proc-log.meta)]: true }
18 verbose exit 1
19 verbose code 1
