0 verbose cli /usr/bin/node /usr/bin/npm
1 info using npm@10.8.2
2 info using node@v20.19.4
3 silly config load:file:/usr/lib/node_modules/npm/npmrc
4 silly config load:file:/mnt/g/development/Advisory/web/.npmrc
5 silly config load:file:/mnt/g/development/Advisory/web/C:\Users\Carter/.npmrc
6 silly config load:file:/usr/etc/npmrc
7 verbose title npm install
8 verbose argv "install"
9 verbose logfile logs-max:10 dir:/mnt/g/development/Advisory/web/C:\Users\Carter/.npm/_logs/2026-06-11T13_51_16_610Z-
10 verbose logfile /mnt/g/development/Advisory/web/C:\Users\Carter/.npm/_logs/2026-06-11T13_51_16_610Z-debug-0.log
11 silly packumentCache heap:4345298944 maxSize:1086324736 maxEntrySize:543162368
12 silly logfile done cleaning log files
13 silly idealTree buildDeps
14 silly fetch manifest react@^18.3.1
15 silly packumentCache full:https://registry.npmjs.org/react cache-miss
16 http fetch GET 200 https://registry.npmjs.org/react 3791ms (cache miss)
17 silly packumentCache full:https://registry.npmjs.org/react set size:undefined disposed:false
18 silly fetch manifest react-dom@^18.3.1
19 silly packumentCache full:https://registry.npmjs.org/react-dom cache-miss
20 http fetch GET 200 https://registry.npmjs.org/react-dom 288ms (cache miss)
21 silly packumentCache full:https://registry.npmjs.org/react-dom set size:undefined disposed:false
22 silly fetch manifest @vitejs/plugin-react@^4.3.1
23 silly packumentCache full:https://registry.npmjs.org/@vitejs%2fplugin-react cache-miss
24 http fetch GET 200 https://registry.npmjs.org/@vitejs%2fplugin-react 127ms (cache miss)
25 silly packumentCache full:https://registry.npmjs.org/@vitejs%2fplugin-react set size:undefined disposed:false
26 silly fetch manifest vite@^5.4.0
27 silly packumentCache full:https://registry.npmjs.org/vite cache-miss
28 http fetch GET 200 https://registry.npmjs.org/vite 2773ms (cache miss)
29 silly packumentCache full:https://registry.npmjs.org/vite set size:undefined disposed:false
30 silly fetch manifest @types/node@^18.0.0 || >=20.0.0
31 silly packumentCache full:https://registry.npmjs.org/@types%2fnode cache-miss
32 http fetch GET 200 https://registry.npmjs.org/@types%2fnode 328ms (cache miss)
33 silly packumentCache full:https://registry.npmjs.org/@types%2fnode set size:undefined disposed:false
34 silly fetch manifest less@*
35 silly packumentCache full:https://registry.npmjs.org/less cache-miss
36 http fetch GET 200 https://registry.npmjs.org/less 71ms (cache miss)
37 silly packumentCache full:https://registry.npmjs.org/less set size:undefined disposed:false
38 silly fetch manifest lightningcss@^1.21.0
39 silly packumentCache full:https://registry.npmjs.org/lightningcss cache-miss
40 http fetch GET 200 https://registry.npmjs.org/lightningcss 62ms (cache miss)
41 silly packumentCache full:https://registry.npmjs.org/lightningcss set size:undefined disposed:false
42 silly fetch manifest sass@*
43 silly packumentCache full:https://registry.npmjs.org/sass cache-miss
44 http fetch GET 200 https://registry.npmjs.org/sass 88ms (cache miss)
45 silly packumentCache full:https://registry.npmjs.org/sass set size:undefined disposed:false
46 silly fetch manifest sass-embedded@*
47 silly packumentCache full:https://registry.npmjs.org/sass-embedded cache-miss
48 http fetch GET 200 https://registry.npmjs.org/sass-embedded 73ms (cache miss)
49 silly packumentCache full:https://registry.npmjs.org/sass-embedded set size:undefined disposed:false
50 silly fetch manifest stylus@*
51 silly packumentCache full:https://registry.npmjs.org/stylus cache-miss
52 http fetch GET 200 https://registry.npmjs.org/stylus 66ms (cache miss)
53 silly packumentCache full:https://registry.npmjs.org/stylus set size:undefined disposed:false
54 silly fetch manifest sugarss@*
55 silly packumentCache full:https://registry.npmjs.org/sugarss cache-miss
56 http fetch GET 200 https://registry.npmjs.org/sugarss 65ms (cache miss)
57 silly packumentCache full:https://registry.npmjs.org/sugarss set size:undefined disposed:false
58 silly fetch manifest postcss@^8.3.3
59 silly packumentCache full:https://registry.npmjs.org/postcss cache-miss
60 http fetch GET 200 https://registry.npmjs.org/postcss 90ms (cache miss)
61 silly packumentCache full:https://registry.npmjs.org/postcss set size:undefined disposed:false
62 silly fetch manifest terser@^5.4.0
63 silly packumentCache full:https://registry.npmjs.org/terser cache-miss
64 http fetch GET 200 https://registry.npmjs.org/terser 88ms (cache miss)
65 silly packumentCache full:https://registry.npmjs.org/terser set size:undefined disposed:false
66 silly placeDep ROOT @vitejs/plugin-react@4.7.0 OK for: pkgfirewall-console@1.0.0 want: ^4.3.1
67 silly placeDep ROOT vite@5.4.21 OK for: @vitejs/plugin-react@4.7.0 want: ^4.2.0 || ^5.0.0 || ^6.0.0 || ^7.0.0
68 silly placeDep ROOT react@18.3.1 OK for: pkgfirewall-console@1.0.0 want: ^18.3.1
69 silly placeDep ROOT react-dom@18.3.1 OK for: pkgfirewall-console@1.0.0 want: ^18.3.1
70 silly fetch manifest @babel/core@^7.28.0
71 silly packumentCache full:https://registry.npmjs.org/@babel%2fcore cache-miss
72 silly fetch manifest react-refresh@^0.17.0
73 silly packumentCache full:https://registry.npmjs.org/react-refresh cache-miss
74 silly fetch manifest @types/babel__core@^7.20.5
75 silly packumentCache full:https://registry.npmjs.org/@types%2fbabel__core cache-miss
76 http fetch GET 200 https://registry.npmjs.org/@types%2fbabel__core 93ms (cache miss)
77 silly packumentCache full:https://registry.npmjs.org/@types%2fbabel__core set size:undefined disposed:false
78 silly fetch manifest @rolldown/pluginutils@1.0.0-beta.27
79 silly packumentCache full:https://registry.npmjs.org/@rolldown%2fpluginutils cache-miss
80 http fetch GET 200 https://registry.npmjs.org/@babel%2fcore 102ms (cache miss)
81 silly packumentCache full:https://registry.npmjs.org/@babel%2fcore set size:undefined disposed:false
82 silly fetch manifest @babel/plugin-transform-react-jsx-self@^7.27.1
83 silly packumentCache full:https://registry.npmjs.org/@babel%2fplugin-transform-react-jsx-self cache-miss
84 http fetch GET 200 https://registry.npmjs.org/@rolldown%2fpluginutils 79ms (cache miss)
85 silly packumentCache full:https://registry.npmjs.org/@rolldown%2fpluginutils set size:undefined disposed:false
86 silly fetch manifest @babel/plugin-transform-react-jsx-source@^7.27.1
87 silly packumentCache full:https://registry.npmjs.org/@babel%2fplugin-transform-react-jsx-source cache-miss
88 http fetch GET 200 https://registry.npmjs.org/@babel%2fplugin-transform-react-jsx-self 78ms (cache miss)
89 silly packumentCache full:https://registry.npmjs.org/@babel%2fplugin-transform-react-jsx-self set size:undefined disposed:false
90 silly fetch manifest rollup@^4.20.0
91 silly packumentCache full:https://registry.npmjs.org/rollup cache-miss
92 http fetch GET 200 https://registry.npmjs.org/@babel%2fplugin-transform-react-jsx-source 80ms (cache miss)
93 silly packumentCache full:https://registry.npmjs.org/@babel%2fplugin-transform-react-jsx-source set size:undefined disposed:false
94 silly fetch manifest esbuild@^0.21.3
95 silly packumentCache full:https://registry.npmjs.org/esbuild cache-miss
96 http fetch GET 200 https://registry.npmjs.org/react-refresh 340ms (cache miss)
97 silly packumentCache full:https://registry.npmjs.org/react-refresh set size:undefined disposed:false
98 silly fetch manifest postcss@^8.4.43
99 silly packumentCache full:https://registry.npmjs.org/postcss cache-miss
100 http fetch GET 200 https://registry.npmjs.org/postcss 52ms (cache hit)
101 silly packumentCache full:https://registry.npmjs.org/postcss set size:723316 disposed:false
102 silly fetch manifest fsevents@~2.3.3
103 silly packumentCache full:https://registry.npmjs.org/fsevents cache-miss
104 http fetch GET 200 https://registry.npmjs.org/esbuild 252ms (cache miss)
105 silly packumentCache full:https://registry.npmjs.org/esbuild set size:undefined disposed:false
106 silly fetch manifest loose-envify@^1.1.0
107 silly packumentCache full:https://registry.npmjs.org/loose-envify cache-miss
108 http fetch GET 200 https://registry.npmjs.org/fsevents 105ms (cache miss)
109 silly packumentCache full:https://registry.npmjs.org/fsevents set size:undefined disposed:false
110 silly fetch manifest scheduler@^0.23.2
111 silly packumentCache full:https://registry.npmjs.org/scheduler cache-miss
112 http fetch GET 200 https://registry.npmjs.org/loose-envify 64ms (cache miss)
113 silly packumentCache full:https://registry.npmjs.org/loose-envify set size:undefined disposed:false
114 http fetch GET 200 https://registry.npmjs.org/rollup 406ms (cache miss)
115 silly packumentCache full:https://registry.npmjs.org/rollup set size:undefined disposed:false
116 http fetch GET 200 https://registry.npmjs.org/scheduler 296ms (cache miss)
117 silly packumentCache full:https://registry.npmjs.org/scheduler set size:undefined disposed:false
118 silly placeDep ROOT @babel/core@7.29.7 OK for: @vitejs/plugin-react@4.7.0 want: ^7.28.0
119 silly placeDep ROOT @babel/plugin-transform-react-jsx-self@7.29.7 OK for: @vitejs/plugin-react@4.7.0 want: ^7.27.1
120 silly placeDep ROOT @babel/plugin-transform-react-jsx-source@7.29.7 OK for: @vitejs/plugin-react@4.7.0 want: ^7.27.1
121 silly placeDep ROOT @rolldown/pluginutils@1.0.0-beta.27 OK for: @vitejs/plugin-react@4.7.0 want: 1.0.0-beta.27
122 silly placeDep ROOT @types/babel__core@7.20.5 OK for: @vitejs/plugin-react@4.7.0 want: ^7.20.5
123 silly placeDep ROOT react-refresh@0.17.0 OK for: @vitejs/plugin-react@4.7.0 want: ^0.17.0
124 silly fetch manifest @babel/code-frame@^7.29.7
125 silly packumentCache full:https://registry.npmjs.org/@babel%2fcode-frame cache-miss
126 silly fetch manifest @babel/generator@^7.29.7
127 silly packumentCache full:https://registry.npmjs.org/@babel%2fgenerator cache-miss
128 silly fetch manifest @babel/helper-compilation-targets@^7.29.7
129 silly packumentCache full:https://registry.npmjs.org/@babel%2fhelper-compilation-targets cache-miss
130 http fetch GET 200 https://registry.npmjs.org/@babel%2fhelper-compilation-targets 82ms (cache miss)
131 silly packumentCache full:https://registry.npmjs.org/@babel%2fhelper-compilation-targets set size:undefined disposed:false
132 silly fetch manifest @babel/helper-module-transforms@^7.29.7
133 silly packumentCache full:https://registry.npmjs.org/@babel%2fhelper-module-transforms cache-miss
134 http fetch GET 200 https://registry.npmjs.org/@babel%2fcode-frame 94ms (cache miss)
135 silly packumentCache full:https://registry.npmjs.org/@babel%2fcode-frame set size:undefined disposed:false
136 silly fetch manifest @babel/helpers@^7.29.7
137 silly packumentCache full:https://registry.npmjs.org/@babel%2fhelpers cache-miss
138 http fetch GET 200 https://registry.npmjs.org/@babel%2fgenerator 110ms (cache miss)
139 silly packumentCache full:https://registry.npmjs.org/@babel%2fgenerator set size:undefined disposed:false
140 silly fetch manifest @babel/parser@^7.29.7
141 silly packumentCache full:https://registry.npmjs.org/@babel%2fparser cache-miss
142 http fetch GET 200 https://registry.npmjs.org/@babel%2fhelper-module-transforms 87ms (cache miss)
143 silly packumentCache full:https://registry.npmjs.org/@babel%2fhelper-module-transforms set size:undefined disposed:false
144 silly fetch manifest @babel/template@^7.29.7
145 silly packumentCache full:https://registry.npmjs.org/@babel%2ftemplate cache-miss
146 http fetch GET 200 https://registry.npmjs.org/@babel%2fhelpers 87ms (cache miss)
147 silly packumentCache full:https://registry.npmjs.org/@babel%2fhelpers set size:undefined disposed:false
148 silly fetch manifest @babel/traverse@^7.29.7
149 silly packumentCache full:https://registry.npmjs.org/@babel%2ftraverse cache-miss
150 http fetch GET 200 https://registry.npmjs.org/@babel%2fparser 111ms (cache miss)
151 silly packumentCache full:https://registry.npmjs.org/@babel%2fparser set size:undefined disposed:false
152 silly fetch manifest @babel/types@^7.29.7
153 silly packumentCache full:https://registry.npmjs.org/@babel%2ftypes cache-miss
154 http fetch GET 200 https://registry.npmjs.org/@babel%2ftemplate 82ms (cache miss)
155 silly packumentCache full:https://registry.npmjs.org/@babel%2ftemplate set size:undefined disposed:false
156 silly fetch manifest @jridgewell/remapping@^2.3.5
157 silly packumentCache full:https://registry.npmjs.org/@jridgewell%2fremapping cache-miss
158 http fetch GET 200 https://registry.npmjs.org/@babel%2ftraverse 116ms (cache miss)
159 silly packumentCache full:https://registry.npmjs.org/@babel%2ftraverse set size:undefined disposed:false
160 silly fetch manifest convert-source-map@^2.0.0
161 silly packumentCache full:https://registry.npmjs.org/convert-source-map cache-miss
162 http fetch GET 200 https://registry.npmjs.org/@jridgewell%2fremapping 97ms (cache miss)
163 silly packumentCache full:https://registry.npmjs.org/@jridgewell%2fremapping set size:undefined disposed:false
164 silly fetch manifest debug@^4.1.0
165 silly packumentCache full:https://registry.npmjs.org/debug cache-miss
166 http fetch GET 200 https://registry.npmjs.org/@babel%2ftypes 131ms (cache miss)
167 silly packumentCache full:https://registry.npmjs.org/@babel%2ftypes set size:undefined disposed:false
168 silly fetch manifest gensync@^1.0.0-beta.2
169 silly packumentCache full:https://registry.npmjs.org/gensync cache-miss
170 http fetch GET 200 https://registry.npmjs.org/convert-source-map 70ms (cache miss)
171 silly packumentCache full:https://registry.npmjs.org/convert-source-map set size:undefined disposed:false
172 silly fetch manifest json5@^2.2.3
173 silly packumentCache full:https://registry.npmjs.org/json5 cache-miss
174 http fetch GET 200 https://registry.npmjs.org/gensync 55ms (cache miss)
175 silly packumentCache full:https://registry.npmjs.org/gensync set size:undefined disposed:false
176 silly fetch manifest semver@^6.3.1
177 silly packumentCache full:https://registry.npmjs.org/semver cache-miss
178 http fetch GET 200 https://registry.npmjs.org/debug 63ms (cache miss)
179 silly packumentCache full:https://registry.npmjs.org/debug set size:undefined disposed:false
180 silly fetch manifest @babel/helper-plugin-utils@^7.29.7
181 silly packumentCache full:https://registry.npmjs.org/@babel%2fhelper-plugin-utils cache-miss
182 http fetch GET 200 https://registry.npmjs.org/json5 76ms (cache miss)
183 silly packumentCache full:https://registry.npmjs.org/json5 set size:undefined disposed:false
184 silly fetch manifest @babel/helper-plugin-utils@^7.29.7
185 silly packumentCache full:https://registry.npmjs.org/@babel%2fhelper-plugin-utils cache-miss
186 http fetch GET 200 https://registry.npmjs.org/@babel%2fhelper-plugin-utils 61ms (cache miss)
187 silly packumentCache full:https://registry.npmjs.org/@babel%2fhelper-plugin-utils set size:undefined disposed:false
188 silly fetch manifest @babel/types@^7.20.7
189 silly packumentCache full:https://registry.npmjs.org/@babel%2ftypes cache-miss
190 http fetch GET 200 https://registry.npmjs.org/@babel%2ftypes 28ms (cache hit)
191 silly packumentCache full:https://registry.npmjs.org/@babel%2ftypes set size:496342 disposed:false
192 silly fetch manifest @babel/parser@^7.20.7
193 silly packumentCache full:https://registry.npmjs.org/@babel%2fparser cache-miss
194 http fetch GET 200 https://registry.npmjs.org/@babel%2fhelper-plugin-utils 62ms (cache miss)
195 silly packumentCache full:https://registry.npmjs.org/@babel%2fhelper-plugin-utils set size:undefined disposed:false
196 silly fetch manifest @types/babel__template@*
197 silly packumentCache full:https://registry.npmjs.org/@types%2fbabel__template cache-miss
198 http fetch GET 200 https://registry.npmjs.org/@babel%2fparser 32ms (cache hit)
199 silly packumentCache full:https://registry.npmjs.org/@babel%2fparser set size:730539 disposed:false
200 silly fetch manifest @types/babel__traverse@*
201 silly packumentCache full:https://registry.npmjs.org/@types%2fbabel__traverse cache-miss
202 http fetch GET 200 https://registry.npmjs.org/@types%2fbabel__template 63ms (cache miss)
203 silly packumentCache full:https://registry.npmjs.org/@types%2fbabel__template set size:undefined disposed:false
204 silly fetch manifest @types/babel__generator@*
205 silly packumentCache full:https://registry.npmjs.org/@types%2fbabel__generator cache-miss
206 http fetch GET 200 https://registry.npmjs.org/@types%2fbabel__traverse 70ms (cache miss)
207 silly packumentCache full:https://registry.npmjs.org/@types%2fbabel__traverse set size:undefined disposed:false
208 http fetch GET 200 https://registry.npmjs.org/@types%2fbabel__generator 46ms (cache miss)
209 silly packumentCache full:https://registry.npmjs.org/@types%2fbabel__generator set size:undefined disposed:false
210 http fetch GET 200 https://registry.npmjs.org/semver 258ms (cache miss)
211 silly packumentCache full:https://registry.npmjs.org/semver set size:undefined disposed:false
212 silly fetch manifest @babel/core@^7.0.0
213 silly packumentCache full:https://registry.npmjs.org/@babel%2fcore cache-miss
214 http fetch GET 200 https://registry.npmjs.org/@babel%2fcore 32ms (cache hit)
215 silly packumentCache full:https://registry.npmjs.org/@babel%2fcore set size:779631 disposed:false
216 silly placeDep ROOT @babel/code-frame@7.29.7 OK for: @babel/core@7.29.7 want: ^7.29.7
217 silly placeDep ROOT @babel/generator@7.29.7 OK for: @babel/core@7.29.7 want: ^7.29.7
218 silly placeDep ROOT @babel/helper-compilation-targets@7.29.7 OK for: @babel/core@7.29.7 want: ^7.29.7
219 silly placeDep ROOT @babel/helper-module-transforms@7.29.7 OK for: @babel/core@7.29.7 want: ^7.29.7
220 silly placeDep ROOT @babel/helpers@7.29.7 OK for: @babel/core@7.29.7 want: ^7.29.7
221 silly placeDep ROOT @babel/parser@7.29.7 OK for: @babel/core@7.29.7 want: ^7.29.7
222 silly placeDep ROOT @babel/template@7.29.7 OK for: @babel/core@7.29.7 want: ^7.29.7
223 silly placeDep ROOT @babel/traverse@7.29.7 OK for: @babel/core@7.29.7 want: ^7.29.7
224 silly placeDep ROOT @babel/types@7.29.7 OK for: @babel/core@7.29.7 want: ^7.29.7
225 silly placeDep ROOT @jridgewell/remapping@2.3.5 OK for: @babel/core@7.29.7 want: ^2.3.5
226 silly placeDep ROOT convert-source-map@2.0.0 OK for: @babel/core@7.29.7 want: ^2.0.0
227 silly placeDep ROOT debug@4.4.3 OK for: @babel/core@7.29.7 want: ^4.1.0
228 silly placeDep ROOT gensync@1.0.0-beta.2 OK for: @babel/core@7.29.7 want: ^1.0.0-beta.2
229 silly placeDep ROOT json5@2.2.3 OK for: @babel/core@7.29.7 want: ^2.2.3
230 silly placeDep ROOT semver@6.3.1 OK for: @babel/core@7.29.7 want: ^6.3.1
231 silly fetch manifest @babel/helper-validator-identifier@^7.29.7
232 silly packumentCache full:https://registry.npmjs.org/@babel%2fhelper-validator-identifier cache-miss
233 silly fetch manifest js-tokens@^4.0.0
234 silly packumentCache full:https://registry.npmjs.org/js-tokens cache-miss
235 silly fetch manifest picocolors@^1.1.1
236 silly packumentCache full:https://registry.npmjs.org/picocolors cache-miss
237 http fetch GET 200 https://registry.npmjs.org/js-tokens 69ms (cache miss)
238 silly packumentCache full:https://registry.npmjs.org/js-tokens set size:undefined disposed:false
239 silly fetch manifest @jridgewell/gen-mapping@^0.3.12
240 silly packumentCache full:https://registry.npmjs.org/@jridgewell%2fgen-mapping cache-miss
241 http fetch GET 200 https://registry.npmjs.org/picocolors 72ms (cache miss)
242 silly packumentCache full:https://registry.npmjs.org/picocolors set size:undefined disposed:false
243 silly fetch manifest @jridgewell/trace-mapping@^0.3.28
244 silly packumentCache full:https://registry.npmjs.org/@jridgewell%2ftrace-mapping cache-miss
245 http fetch GET 200 https://registry.npmjs.org/@babel%2fhelper-validator-identifier 81ms (cache miss)
246 silly packumentCache full:https://registry.npmjs.org/@babel%2fhelper-validator-identifier set size:undefined disposed:false
247 silly fetch manifest jsesc@^3.0.2
248 silly packumentCache full:https://registry.npmjs.org/jsesc cache-miss
249 http fetch GET 200 https://registry.npmjs.org/jsesc 54ms (cache miss)
250 silly packumentCache full:https://registry.npmjs.org/jsesc set size:undefined disposed:false
251 silly fetch manifest @babel/compat-data@^7.29.7
252 silly packumentCache full:https://registry.npmjs.org/@babel%2fcompat-data cache-miss
253 http fetch GET 200 https://registry.npmjs.org/@jridgewell%2fgen-mapping 69ms (cache miss)
254 silly packumentCache full:https://registry.npmjs.org/@jridgewell%2fgen-mapping set size:undefined disposed:false
255 silly fetch manifest @babel/helper-validator-option@^7.29.7
256 silly packumentCache full:https://registry.npmjs.org/@babel%2fhelper-validator-option cache-miss
257 http fetch GET 200 https://registry.npmjs.org/@jridgewell%2ftrace-mapping 78ms (cache miss)
258 silly packumentCache full:https://registry.npmjs.org/@jridgewell%2ftrace-mapping set size:undefined disposed:false
259 silly fetch manifest browserslist@^4.24.0
260 silly packumentCache full:https://registry.npmjs.org/browserslist cache-miss
261 http fetch GET 200 https://registry.npmjs.org/@babel%2fhelper-validator-option 62ms (cache miss)
262 silly packumentCache full:https://registry.npmjs.org/@babel%2fhelper-validator-option set size:undefined disposed:false
263 silly fetch manifest lru-cache@^5.1.1
264 silly packumentCache full:https://registry.npmjs.org/lru-cache cache-miss
265 http fetch GET 200 https://registry.npmjs.org/browserslist 90ms (cache miss)
266 silly packumentCache full:https://registry.npmjs.org/browserslist set size:undefined disposed:false
267 silly fetch manifest @babel/helper-module-imports@^7.29.7
268 silly packumentCache full:https://registry.npmjs.org/@babel%2fhelper-module-imports cache-miss
269 http fetch GET 200 https://registry.npmjs.org/lru-cache 79ms (cache miss)
270 silly packumentCache full:https://registry.npmjs.org/lru-cache set size:undefined disposed:false
271 silly fetch manifest @babel/helper-globals@^7.29.7
272 silly packumentCache full:https://registry.npmjs.org/@babel%2fhelper-globals cache-miss
273 http fetch GET 200 https://registry.npmjs.org/@babel%2fhelper-module-imports 81ms (cache miss)
274 silly packumentCache full:https://registry.npmjs.org/@babel%2fhelper-module-imports set size:undefined disposed:false
275 silly fetch manifest debug@^4.3.1
276 silly packumentCache full:https://registry.npmjs.org/debug cache-miss
277 http fetch GET 200 https://registry.npmjs.org/@babel%2fhelper-globals 51ms (cache miss)
278 silly packumentCache full:https://registry.npmjs.org/@babel%2fhelper-globals set size:undefined disposed:false
279 silly fetch manifest @babel/helper-string-parser@^7.29.7
280 silly packumentCache full:https://registry.npmjs.org/@babel%2fhelper-string-parser cache-miss
281 http fetch GET 200 https://registry.npmjs.org/debug 33ms (cache hit)
282 silly packumentCache full:https://registry.npmjs.org/debug set size:195840 disposed:false
283 silly fetch manifest @jridgewell/gen-mapping@^0.3.5
284 silly packumentCache full:https://registry.npmjs.org/@jridgewell%2fgen-mapping cache-miss
285 http fetch GET 200 https://registry.npmjs.org/@jridgewell%2fgen-mapping 28ms (cache hit)
286 silly packumentCache full:https://registry.npmjs.org/@jridgewell%2fgen-mapping set size:75941 disposed:false
287 silly fetch manifest @jridgewell/trace-mapping@^0.3.24
288 silly packumentCache full:https://registry.npmjs.org/@jridgewell%2ftrace-mapping cache-miss
289 http fetch GET 200 https://registry.npmjs.org/@babel%2fhelper-string-parser 64ms (cache miss)
290 silly packumentCache full:https://registry.npmjs.org/@babel%2fhelper-string-parser set size:undefined disposed:false
291 silly fetch manifest ms@^2.1.3
292 silly packumentCache full:https://registry.npmjs.org/ms cache-miss
293 http fetch GET 200 https://registry.npmjs.org/@jridgewell%2ftrace-mapping 31ms (cache hit)
294 silly packumentCache full:https://registry.npmjs.org/@jridgewell%2ftrace-mapping set size:170909 disposed:false
295 http fetch GET 200 https://registry.npmjs.org/ms 68ms (cache miss)
296 silly packumentCache full:https://registry.npmjs.org/ms set size:undefined disposed:false
297 http fetch GET 200 https://registry.npmjs.org/@babel%2fcompat-data 378ms (cache miss)
298 silly packumentCache full:https://registry.npmjs.org/@babel%2fcompat-data set size:undefined disposed:false
299 silly placeDep ROOT @babel/helper-validator-identifier@7.29.7 OK for: @babel/code-frame@7.29.7 want: ^7.29.7
300 silly placeDep ROOT js-tokens@4.0.0 OK for: @babel/code-frame@7.29.7 want: ^4.0.0
301 silly placeDep ROOT picocolors@1.1.1 OK for: @babel/code-frame@7.29.7 want: ^1.1.1
302 silly placeDep ROOT @jridgewell/gen-mapping@0.3.13 OK for: @babel/generator@7.29.7 want: ^0.3.12
303 silly placeDep ROOT @jridgewell/trace-mapping@0.3.31 OK for: @babel/generator@7.29.7 want: ^0.3.28
304 silly placeDep ROOT jsesc@3.1.0 OK for: @babel/generator@7.29.7 want: ^3.0.2
305 silly fetch manifest @jridgewell/sourcemap-codec@^1.5.0
306 silly packumentCache full:https://registry.npmjs.org/@jridgewell%2fsourcemap-codec cache-miss
307 silly fetch manifest @jridgewell/resolve-uri@^3.1.0
308 silly packumentCache full:https://registry.npmjs.org/@jridgewell%2fresolve-uri cache-miss
309 silly fetch manifest @jridgewell/sourcemap-codec@^1.4.14
310 silly packumentCache full:https://registry.npmjs.org/@jridgewell%2fsourcemap-codec cache-miss
311 http fetch GET 200 https://registry.npmjs.org/@jridgewell%2fresolve-uri 75ms (cache miss)
312 silly packumentCache full:https://registry.npmjs.org/@jridgewell%2fresolve-uri set size:undefined disposed:false
313 http fetch GET 200 https://registry.npmjs.org/@jridgewell%2fsourcemap-codec 81ms (cache miss)
314 silly packumentCache full:https://registry.npmjs.org/@jridgewell%2fsourcemap-codec set size:undefined disposed:false
315 http fetch GET 200 https://registry.npmjs.org/@jridgewell%2fsourcemap-codec 86ms (cache miss)
316 silly packumentCache full:https://registry.npmjs.org/@jridgewell%2fsourcemap-codec set size:undefined disposed:false
317 silly placeDep ROOT @babel/compat-data@7.29.7 OK for: @babel/helper-compilation-targets@7.29.7 want: ^7.29.7
318 silly placeDep ROOT @babel/helper-validator-option@7.29.7 OK for: @babel/helper-compilation-targets@7.29.7 want: ^7.29.7
319 silly placeDep ROOT browserslist@4.28.2 OK for: @babel/helper-compilation-targets@7.29.7 want: ^4.24.0
320 silly placeDep ROOT lru-cache@5.1.1 OK for: @babel/helper-compilation-targets@7.29.7 want: ^5.1.1
321 silly fetch manifest baseline-browser-mapping@^2.10.12
322 silly packumentCache full:https://registry.npmjs.org/baseline-browser-mapping cache-miss
323 silly fetch manifest caniuse-lite@^1.0.30001782
324 silly packumentCache full:https://registry.npmjs.org/caniuse-lite cache-miss
325 silly fetch manifest electron-to-chromium@^1.5.328
326 silly packumentCache full:https://registry.npmjs.org/electron-to-chromium cache-miss
327 http fetch GET 200 https://registry.npmjs.org/baseline-browser-mapping 67ms (cache miss)
328 silly packumentCache full:https://registry.npmjs.org/baseline-browser-mapping set size:undefined disposed:false
329 silly fetch manifest node-releases@^2.0.36
330 silly packumentCache full:https://registry.npmjs.org/node-releases cache-miss
331 http fetch GET 200 https://registry.npmjs.org/caniuse-lite 231ms (cache miss)
332 silly packumentCache full:https://registry.npmjs.org/caniuse-lite set size:undefined disposed:false
333 silly fetch manifest update-browserslist-db@^1.2.3
334 silly packumentCache full:https://registry.npmjs.org/update-browserslist-db cache-miss
335 http fetch GET 200 https://registry.npmjs.org/electron-to-chromium 276ms (cache miss)
336 silly packumentCache full:https://registry.npmjs.org/electron-to-chromium set size:undefined disposed:false
337 silly fetch manifest yallist@^3.0.2
338 silly packumentCache full:https://registry.npmjs.org/yallist cache-miss
339 http fetch GET 200 https://registry.npmjs.org/update-browserslist-db 93ms (cache miss)
340 silly packumentCache full:https://registry.npmjs.org/update-browserslist-db set size:undefined disposed:false
341 http fetch GET 200 https://registry.npmjs.org/yallist 51ms (cache miss)
342 silly packumentCache full:https://registry.npmjs.org/yallist set size:undefined disposed:false
343 http fetch GET 200 https://registry.npmjs.org/node-releases 287ms (cache miss)
344 silly packumentCache full:https://registry.npmjs.org/node-releases set size:undefined disposed:false
345 silly placeDep ROOT @babel/helper-module-imports@7.29.7 OK for: @babel/helper-module-transforms@7.29.7 want: ^7.29.7
346 silly placeDep ROOT @babel/helper-plugin-utils@7.29.7 OK for: @babel/plugin-transform-react-jsx-self@7.29.7 want: ^7.29.7
347 silly placeDep ROOT @babel/helper-globals@7.29.7 OK for: @babel/traverse@7.29.7 want: ^7.29.7
348 silly placeDep ROOT @babel/helper-string-parser@7.29.7 OK for: @babel/types@7.29.7 want: ^7.29.7
349 silly placeDep ROOT @jridgewell/sourcemap-codec@1.5.5 OK for: @jridgewell/gen-mapping@0.3.13 want: ^1.5.0
350 silly placeDep ROOT @jridgewell/resolve-uri@3.1.2 OK for: @jridgewell/trace-mapping@0.3.31 want: ^3.1.0
351 silly placeDep ROOT @types/babel__generator@7.27.0 OK for: @types/babel__core@7.20.5 want: *
352 silly placeDep ROOT @types/babel__template@7.4.4 OK for: @types/babel__core@7.20.5 want: *
353 silly placeDep ROOT @types/babel__traverse@7.28.0 OK for: @types/babel__core@7.20.5 want: *
354 silly fetch manifest browserslist@>= 4.21.0
355 silly packumentCache full:https://registry.npmjs.org/browserslist cache-miss
356 http fetch GET 200 https://registry.npmjs.org/browserslist 33ms (cache hit)
357 silly packumentCache full:https://registry.npmjs.org/browserslist set size:504681 disposed:false
358 silly placeDep ROOT baseline-browser-mapping@2.10.35 OK for: browserslist@4.28.2 want: ^2.10.12
359 silly placeDep ROOT caniuse-lite@1.0.30001799 OK for: browserslist@4.28.2 want: ^1.0.30001782
360 silly placeDep ROOT electron-to-chromium@1.5.371 OK for: browserslist@4.28.2 want: ^1.5.328
361 silly placeDep ROOT node-releases@2.0.47 OK for: browserslist@4.28.2 want: ^2.0.36
362 silly placeDep ROOT update-browserslist-db@1.2.3 OK for: browserslist@4.28.2 want: ^1.2.3
363 silly fetch manifest escalade@^3.2.0
364 silly packumentCache full:https://registry.npmjs.org/escalade cache-miss
365 http fetch GET 200 https://registry.npmjs.org/escalade 55ms (cache miss)
366 silly packumentCache full:https://registry.npmjs.org/escalade set size:undefined disposed:false
367 silly placeDep ROOT ms@2.1.3 OK for: debug@4.4.3 want: ^2.1.3
368 silly placeDep ROOT yallist@3.1.1 OK for: lru-cache@5.1.1 want: ^3.0.2
369 silly placeDep ROOT loose-envify@1.4.0 OK for: react@18.3.1 want: ^1.1.0
370 silly placeDep ROOT scheduler@0.23.2 OK for: react-dom@18.3.1 want: ^0.23.2
371 silly placeDep ROOT escalade@3.2.0 OK for: update-browserslist-db@1.2.3 want: ^3.2.0
372 silly placeDep ROOT esbuild@0.21.5 OK for: vite@5.4.21 want: ^0.21.3
373 silly placeDep ROOT fsevents@2.3.3 OK for: vite@5.4.21 want: ~2.3.3
374 silly placeDep ROOT postcss@8.5.15 OK for: vite@5.4.21 want: ^8.4.43
375 silly placeDep ROOT rollup@4.61.1 OK for: vite@5.4.21 want: ^4.20.0
376 silly fetch manifest @esbuild/aix-ppc64@0.21.5
377 silly packumentCache full:https://registry.npmjs.org/@esbuild%2faix-ppc64 cache-miss
378 silly fetch manifest @esbuild/linux-arm@0.21.5
379 silly packumentCache full:https://registry.npmjs.org/@esbuild%2flinux-arm cache-miss
380 silly fetch manifest @esbuild/linux-x64@0.21.5
381 silly packumentCache full:https://registry.npmjs.org/@esbuild%2flinux-x64 cache-miss
382 http fetch GET 200 https://registry.npmjs.org/@esbuild%2flinux-arm 146ms (cache miss)
383 silly packumentCache full:https://registry.npmjs.org/@esbuild%2flinux-arm set size:undefined disposed:false
384 silly fetch manifest @esbuild/sunos-x64@0.21.5
385 silly packumentCache full:https://registry.npmjs.org/@esbuild%2fsunos-x64 cache-miss
386 http fetch GET 200 https://registry.npmjs.org/@esbuild%2faix-ppc64 152ms (cache miss)
387 silly packumentCache full:https://registry.npmjs.org/@esbuild%2faix-ppc64 set size:undefined disposed:false
388 silly fetch manifest @esbuild/win32-x64@0.21.5
389 silly packumentCache full:https://registry.npmjs.org/@esbuild%2fwin32-x64 cache-miss
390 http fetch GET 200 https://registry.npmjs.org/@esbuild%2flinux-x64 158ms (cache miss)
391 silly packumentCache full:https://registry.npmjs.org/@esbuild%2flinux-x64 set size:undefined disposed:false
392 silly fetch manifest @esbuild/darwin-x64@0.21.5
393 silly packumentCache full:https://registry.npmjs.org/@esbuild%2fdarwin-x64 cache-miss
394 http fetch GET 200 https://registry.npmjs.org/@esbuild%2fsunos-x64 84ms (cache miss)
395 silly packumentCache full:https://registry.npmjs.org/@esbuild%2fsunos-x64 set size:undefined disposed:false
396 silly fetch manifest @esbuild/linux-ia32@0.21.5
397 silly packumentCache full:https://registry.npmjs.org/@esbuild%2flinux-ia32 cache-miss
398 http fetch GET 200 https://registry.npmjs.org/@esbuild%2fwin32-x64 89ms (cache miss)
399 silly packumentCache full:https://registry.npmjs.org/@esbuild%2fwin32-x64 set size:undefined disposed:false
400 silly fetch manifest @esbuild/netbsd-x64@0.21.5
401 silly packumentCache full:https://registry.npmjs.org/@esbuild%2fnetbsd-x64 cache-miss
402 http fetch GET 200 https://registry.npmjs.org/@esbuild%2fdarwin-x64 89ms (cache miss)
403 silly packumentCache full:https://registry.npmjs.org/@esbuild%2fdarwin-x64 set size:undefined disposed:false
404 silly fetch manifest @esbuild/win32-ia32@0.21.5
405 silly packumentCache full:https://registry.npmjs.org/@esbuild%2fwin32-ia32 cache-miss
406 http fetch GET 200 https://registry.npmjs.org/@esbuild%2flinux-ia32 71ms (cache miss)
407 silly packumentCache full:https://registry.npmjs.org/@esbuild%2flinux-ia32 set size:undefined disposed:false
408 silly fetch manifest @esbuild/android-arm@0.21.5
409 silly packumentCache full:https://registry.npmjs.org/@esbuild%2fandroid-arm cache-miss
410 http fetch GET 200 https://registry.npmjs.org/@esbuild%2fnetbsd-x64 71ms (cache miss)
411 silly packumentCache full:https://registry.npmjs.org/@esbuild%2fnetbsd-x64 set size:undefined disposed:false
412 silly fetch manifest @esbuild/android-x64@0.21.5
413 silly packumentCache full:https://registry.npmjs.org/@esbuild%2fandroid-x64 cache-miss
414 http fetch GET 200 https://registry.npmjs.org/@esbuild%2fwin32-ia32 95ms (cache miss)
415 silly packumentCache full:https://registry.npmjs.org/@esbuild%2fwin32-ia32 set size:undefined disposed:false
416 silly fetch manifest @esbuild/freebsd-x64@0.21.5
417 silly packumentCache full:https://registry.npmjs.org/@esbuild%2ffreebsd-x64 cache-miss
418 http fetch GET 200 https://registry.npmjs.org/@esbuild%2fandroid-arm 71ms (cache miss)
419 silly packumentCache full:https://registry.npmjs.org/@esbuild%2fandroid-arm set size:undefined disposed:false
420 silly fetch manifest @esbuild/linux-arm64@0.21.5
421 silly packumentCache full:https://registry.npmjs.org/@esbuild%2flinux-arm64 cache-miss
422 http fetch GET 200 https://registry.npmjs.org/@esbuild%2fandroid-x64 69ms (cache miss)
423 silly packumentCache full:https://registry.npmjs.org/@esbuild%2fandroid-x64 set size:undefined disposed:false
424 silly fetch manifest @esbuild/linux-ppc64@0.21.5
425 silly packumentCache full:https://registry.npmjs.org/@esbuild%2flinux-ppc64 cache-miss
426 http fetch GET 200 https://registry.npmjs.org/@esbuild%2ffreebsd-x64 90ms (cache miss)
427 silly packumentCache full:https://registry.npmjs.org/@esbuild%2ffreebsd-x64 set size:undefined disposed:false
428 silly fetch manifest @esbuild/linux-s390x@0.21.5
429 silly packumentCache full:https://registry.npmjs.org/@esbuild%2flinux-s390x cache-miss
430 http fetch GET 200 https://registry.npmjs.org/@esbuild%2flinux-ppc64 71ms (cache miss)
431 silly packumentCache full:https://registry.npmjs.org/@esbuild%2flinux-ppc64 set size:undefined disposed:false
432 silly fetch manifest @esbuild/openbsd-x64@0.21.5
433 silly packumentCache full:https://registry.npmjs.org/@esbuild%2fopenbsd-x64 cache-miss
434 http fetch GET 200 https://registry.npmjs.org/@esbuild%2flinux-arm64 83ms (cache miss)
435 silly packumentCache full:https://registry.npmjs.org/@esbuild%2flinux-arm64 set size:undefined disposed:false
436 silly fetch manifest @esbuild/win32-arm64@0.21.5
437 silly packumentCache full:https://registry.npmjs.org/@esbuild%2fwin32-arm64 cache-miss
438 http fetch GET 200 https://registry.npmjs.org/@esbuild%2flinux-s390x 89ms (cache miss)
439 silly packumentCache full:https://registry.npmjs.org/@esbuild%2flinux-s390x set size:undefined disposed:false
440 silly fetch manifest @esbuild/darwin-arm64@0.21.5
441 silly packumentCache full:https://registry.npmjs.org/@esbuild%2fdarwin-arm64 cache-miss
442 http fetch GET 200 https://registry.npmjs.org/@esbuild%2fopenbsd-x64 74ms (cache miss)
443 silly packumentCache full:https://registry.npmjs.org/@esbuild%2fopenbsd-x64 set size:undefined disposed:false
444 silly fetch manifest @esbuild/android-arm64@0.21.5
445 silly packumentCache full:https://registry.npmjs.org/@esbuild%2fandroid-arm64 cache-miss
446 http fetch GET 200 https://registry.npmjs.org/@esbuild%2fwin32-arm64 74ms (cache miss)
447 silly packumentCache full:https://registry.npmjs.org/@esbuild%2fwin32-arm64 set size:undefined disposed:false
448 silly fetch manifest @esbuild/freebsd-arm64@0.21.5
449 silly packumentCache full:https://registry.npmjs.org/@esbuild%2ffreebsd-arm64 cache-miss
450 http fetch GET 200 https://registry.npmjs.org/@esbuild%2fdarwin-arm64 86ms (cache miss)
451 silly packumentCache full:https://registry.npmjs.org/@esbuild%2fdarwin-arm64 set size:undefined disposed:false
452 silly fetch manifest @esbuild/linux-loong64@0.21.5
453 silly packumentCache full:https://registry.npmjs.org/@esbuild%2flinux-loong64 cache-miss
454 http fetch GET 200 https://registry.npmjs.org/@esbuild%2ffreebsd-arm64 76ms (cache miss)
455 silly packumentCache full:https://registry.npmjs.org/@esbuild%2ffreebsd-arm64 set size:undefined disposed:false
456 silly fetch manifest @esbuild/linux-riscv64@0.21.5
457 silly packumentCache full:https://registry.npmjs.org/@esbuild%2flinux-riscv64 cache-miss
458 http fetch GET 200 https://registry.npmjs.org/@esbuild%2flinux-loong64 75ms (cache miss)
459 silly packumentCache full:https://registry.npmjs.org/@esbuild%2flinux-loong64 set size:undefined disposed:false
460 silly fetch manifest @esbuild/linux-mips64el@0.21.5
461 silly packumentCache full:https://registry.npmjs.org/@esbuild%2flinux-mips64el cache-miss
462 http fetch GET 200 https://registry.npmjs.org/@esbuild%2flinux-riscv64 75ms (cache miss)
463 silly packumentCache full:https://registry.npmjs.org/@esbuild%2flinux-riscv64 set size:undefined disposed:false
464 silly fetch manifest nanoid@^3.3.12
465 silly packumentCache full:https://registry.npmjs.org/nanoid cache-miss
466 http fetch GET 200 https://registry.npmjs.org/@esbuild%2flinux-mips64el 64ms (cache miss)
467 silly packumentCache full:https://registry.npmjs.org/@esbuild%2flinux-mips64el set size:undefined disposed:false
468 silly fetch manifest source-map-js@^1.2.1
469 silly packumentCache full:https://registry.npmjs.org/source-map-js cache-miss
470 http fetch GET 200 https://registry.npmjs.org/nanoid 84ms (cache miss)
471 silly packumentCache full:https://registry.npmjs.org/nanoid set size:undefined disposed:false
472 silly fetch manifest @types/estree@1.0.9
473 silly packumentCache full:https://registry.npmjs.org/@types%2festree cache-miss
474 http fetch GET 200 https://registry.npmjs.org/@esbuild%2fandroid-arm64 275ms (cache miss)
475 silly packumentCache full:https://registry.npmjs.org/@esbuild%2fandroid-arm64 set size:undefined disposed:false
476 silly fetch manifest @rollup/rollup-darwin-arm64@4.61.1
477 silly packumentCache full:https://registry.npmjs.org/@rollup%2frollup-darwin-arm64 cache-miss
478 http fetch GET 200 https://registry.npmjs.org/source-map-js 57ms (cache miss)
479 silly packumentCache full:https://registry.npmjs.org/source-map-js set size:undefined disposed:false
480 silly fetch manifest @rollup/rollup-android-arm64@4.61.1
481 silly packumentCache full:https://registry.npmjs.org/@rollup%2frollup-android-arm64 cache-miss
482 http fetch GET 200 https://registry.npmjs.org/@types%2festree 72ms (cache miss)
483 silly packumentCache full:https://registry.npmjs.org/@types%2festree set size:undefined disposed:false
484 silly fetch manifest @rollup/rollup-win32-arm64-msvc@4.61.1
485 silly packumentCache full:https://registry.npmjs.org/@rollup%2frollup-win32-arm64-msvc cache-miss
486 http fetch GET 200 https://registry.npmjs.org/@rollup%2frollup-darwin-arm64 79ms (cache miss)
487 silly packumentCache full:https://registry.npmjs.org/@rollup%2frollup-darwin-arm64 set size:undefined disposed:false
488 silly fetch manifest @rollup/rollup-freebsd-arm64@4.61.1
489 silly packumentCache full:https://registry.npmjs.org/@rollup%2frollup-freebsd-arm64 cache-miss
490 http fetch GET 200 https://registry.npmjs.org/@rollup%2frollup-android-arm64 78ms (cache miss)
491 silly packumentCache full:https://registry.npmjs.org/@rollup%2frollup-android-arm64 set size:undefined disposed:false
492 silly fetch manifest @rollup/rollup-linux-arm64-gnu@4.61.1
493 silly packumentCache full:https://registry.npmjs.org/@rollup%2frollup-linux-arm64-gnu cache-miss
494 http fetch GET 200 https://registry.npmjs.org/@rollup%2frollup-win32-arm64-msvc 83ms (cache miss)
495 silly packumentCache full:https://registry.npmjs.org/@rollup%2frollup-win32-arm64-msvc set size:undefined disposed:false
496 silly fetch manifest @rollup/rollup-linux-arm64-musl@4.61.1
497 silly packumentCache full:https://registry.npmjs.org/@rollup%2frollup-linux-arm64-musl cache-miss
498 http fetch GET 200 https://registry.npmjs.org/@rollup%2frollup-freebsd-arm64 78ms (cache miss)
499 silly packumentCache full:https://registry.npmjs.org/@rollup%2frollup-freebsd-arm64 set size:undefined disposed:false
500 silly fetch manifest @rollup/rollup-android-arm-eabi@4.61.1
501 silly packumentCache full:https://registry.npmjs.org/@rollup%2frollup-android-arm-eabi cache-miss
502 http fetch GET 200 https://registry.npmjs.org/@rollup%2frollup-linux-arm64-gnu 86ms (cache miss)
503 silly packumentCache full:https://registry.npmjs.org/@rollup%2frollup-linux-arm64-gnu set size:undefined disposed:false
504 silly fetch manifest @rollup/rollup-linux-arm-gnueabihf@4.61.1
505 silly packumentCache full:https://registry.npmjs.org/@rollup%2frollup-linux-arm-gnueabihf cache-miss
506 http fetch GET 200 https://registry.npmjs.org/@rollup%2frollup-linux-arm64-musl 91ms (cache miss)
507 silly packumentCache full:https://registry.npmjs.org/@rollup%2frollup-linux-arm64-musl set size:undefined disposed:false
508 silly fetch manifest @rollup/rollup-linux-arm-musleabihf@4.61.1
509 silly packumentCache full:https://registry.npmjs.org/@rollup%2frollup-linux-arm-musleabihf cache-miss
510 http fetch GET 200 https://registry.npmjs.org/@rollup%2frollup-linux-arm-gnueabihf 77ms (cache miss)
511 silly packumentCache full:https://registry.npmjs.org/@rollup%2frollup-linux-arm-gnueabihf set size:undefined disposed:false
512 silly fetch manifest @rollup/rollup-win32-ia32-msvc@4.61.1
513 silly packumentCache full:https://registry.npmjs.org/@rollup%2frollup-win32-ia32-msvc cache-miss
514 http fetch GET 200 https://registry.npmjs.org/@rollup%2frollup-android-arm-eabi 93ms (cache miss)
515 silly packumentCache full:https://registry.npmjs.org/@rollup%2frollup-android-arm-eabi set size:undefined disposed:false
516 silly fetch manifest @rollup/rollup-linux-loong64-gnu@4.61.1
517 silly packumentCache full:https://registry.npmjs.org/@rollup%2frollup-linux-loong64-gnu cache-miss
518 http fetch GET 200 https://registry.npmjs.org/@rollup%2frollup-linux-arm-musleabihf 81ms (cache miss)
519 silly packumentCache full:https://registry.npmjs.org/@rollup%2frollup-linux-arm-musleabihf set size:undefined disposed:false
520 silly fetch manifest @rollup/rollup-linux-loong64-musl@4.61.1
521 silly packumentCache full:https://registry.npmjs.org/@rollup%2frollup-linux-loong64-musl cache-miss
522 http fetch GET 200 https://registry.npmjs.org/@rollup%2frollup-win32-ia32-msvc 86ms (cache miss)
523 silly packumentCache full:https://registry.npmjs.org/@rollup%2frollup-win32-ia32-msvc set size:undefined disposed:false
524 silly fetch manifest @rollup/rollup-linux-riscv64-gnu@4.61.1
525 silly packumentCache full:https://registry.npmjs.org/@rollup%2frollup-linux-riscv64-gnu cache-miss
526 http fetch GET 200 https://registry.npmjs.org/@rollup%2frollup-linux-loong64-musl 68ms (cache miss)
527 silly packumentCache full:https://registry.npmjs.org/@rollup%2frollup-linux-loong64-musl set size:undefined disposed:false
528 silly fetch manifest @rollup/rollup-linux-riscv64-musl@4.61.1
529 silly packumentCache full:https://registry.npmjs.org/@rollup%2frollup-linux-riscv64-musl cache-miss
530 http fetch GET 200 https://registry.npmjs.org/@rollup%2frollup-linux-riscv64-gnu 85ms (cache miss)
531 silly packumentCache full:https://registry.npmjs.org/@rollup%2frollup-linux-riscv64-gnu set size:undefined disposed:false
532 silly fetch manifest @rollup/rollup-linux-ppc64-gnu@4.61.1
533 silly packumentCache full:https://registry.npmjs.org/@rollup%2frollup-linux-ppc64-gnu cache-miss
534 http fetch GET 200 https://registry.npmjs.org/@rollup%2frollup-linux-riscv64-musl 85ms (cache miss)
535 silly packumentCache full:https://registry.npmjs.org/@rollup%2frollup-linux-riscv64-musl set size:undefined disposed:false
536 silly fetch manifest @rollup/rollup-linux-ppc64-musl@4.61.1
537 silly packumentCache full:https://registry.npmjs.org/@rollup%2frollup-linux-ppc64-musl cache-miss
538 http fetch GET 200 https://registry.npmjs.org/@rollup%2frollup-linux-ppc64-gnu 65ms (cache miss)
539 silly packumentCache full:https://registry.npmjs.org/@rollup%2frollup-linux-ppc64-gnu set size:undefined disposed:false
540 silly fetch manifest @rollup/rollup-linux-s390x-gnu@4.61.1
541 silly packumentCache full:https://registry.npmjs.org/@rollup%2frollup-linux-s390x-gnu cache-miss
542 http fetch GET 200 https://registry.npmjs.org/@rollup%2frollup-linux-ppc64-musl 66ms (cache miss)
543 silly packumentCache full:https://registry.npmjs.org/@rollup%2frollup-linux-ppc64-musl set size:undefined disposed:false
544 silly fetch manifest @rollup/rollup-darwin-x64@4.61.1
545 silly packumentCache full:https://registry.npmjs.org/@rollup%2frollup-darwin-x64 cache-miss
546 http fetch GET 200 https://registry.npmjs.org/@rollup%2frollup-linux-s390x-gnu 71ms (cache miss)
547 silly packumentCache full:https://registry.npmjs.org/@rollup%2frollup-linux-s390x-gnu set size:undefined disposed:false
548 silly fetch manifest @rollup/rollup-win32-x64-gnu@4.61.1
549 silly packumentCache full:https://registry.npmjs.org/@rollup%2frollup-win32-x64-gnu cache-miss
550 http fetch GET 200 https://registry.npmjs.org/@rollup%2frollup-linux-loong64-gnu 355ms (cache miss)
551 silly packumentCache full:https://registry.npmjs.org/@rollup%2frollup-linux-loong64-gnu set size:undefined disposed:false
552 silly fetch manifest @rollup/rollup-win32-x64-msvc@4.61.1
553 silly packumentCache full:https://registry.npmjs.org/@rollup%2frollup-win32-x64-msvc cache-miss
554 http fetch GET 200 https://registry.npmjs.org/@rollup%2frollup-darwin-x64 90ms (cache miss)
555 silly packumentCache full:https://registry.npmjs.org/@rollup%2frollup-darwin-x64 set size:undefined disposed:false
556 silly fetch manifest @rollup/rollup-freebsd-x64@4.61.1
557 silly packumentCache full:https://registry.npmjs.org/@rollup%2frollup-freebsd-x64 cache-miss
558 http fetch GET 200 https://registry.npmjs.org/@rollup%2frollup-win32-x64-gnu 62ms (cache miss)
559 silly packumentCache full:https://registry.npmjs.org/@rollup%2frollup-win32-x64-gnu set size:undefined disposed:false
560 silly fetch manifest @rollup/rollup-linux-x64-gnu@4.61.1
561 silly packumentCache full:https://registry.npmjs.org/@rollup%2frollup-linux-x64-gnu cache-miss
562 http fetch GET 200 https://registry.npmjs.org/@rollup%2frollup-win32-x64-msvc 76ms (cache miss)
563 silly packumentCache full:https://registry.npmjs.org/@rollup%2frollup-win32-x64-msvc set size:undefined disposed:false
564 silly fetch manifest @rollup/rollup-linux-x64-musl@4.61.1
565 silly packumentCache full:https://registry.npmjs.org/@rollup%2frollup-linux-x64-musl cache-miss
566 http fetch GET 200 https://registry.npmjs.org/@rollup%2frollup-freebsd-x64 80ms (cache miss)
567 silly packumentCache full:https://registry.npmjs.org/@rollup%2frollup-freebsd-x64 set size:undefined disposed:false
568 silly fetch manifest @rollup/rollup-openbsd-x64@4.61.1
569 silly packumentCache full:https://registry.npmjs.org/@rollup%2frollup-openbsd-x64 cache-miss
570 http fetch GET 200 https://registry.npmjs.org/@rollup%2frollup-linux-x64-gnu 82ms (cache miss)
571 silly packumentCache full:https://registry.npmjs.org/@rollup%2frollup-linux-x64-gnu set size:undefined disposed:false
572 silly fetch manifest @rollup/rollup-openharmony-arm64@4.61.1
573 silly packumentCache full:https://registry.npmjs.org/@rollup%2frollup-openharmony-arm64 cache-miss
574 http fetch GET 200 https://registry.npmjs.org/@rollup%2frollup-openbsd-x64 64ms (cache miss)
575 silly packumentCache full:https://registry.npmjs.org/@rollup%2frollup-openbsd-x64 set size:undefined disposed:false
576 http fetch GET 200 https://registry.npmjs.org/@rollup%2frollup-openharmony-arm64 59ms (cache miss)
577 silly packumentCache full:https://registry.npmjs.org/@rollup%2frollup-openharmony-arm64 set size:undefined disposed:false
578 http fetch GET 200 https://registry.npmjs.org/@rollup%2frollup-linux-x64-musl 367ms (cache miss)
579 silly packumentCache full:https://registry.npmjs.org/@rollup%2frollup-linux-x64-musl set size:undefined disposed:false
580 silly placeDep ROOT @esbuild/aix-ppc64@0.21.5 OK for: esbuild@0.21.5 want: 0.21.5
581 silly placeDep ROOT @esbuild/android-arm@0.21.5 OK for: esbuild@0.21.5 want: 0.21.5
582 silly placeDep ROOT @esbuild/android-arm64@0.21.5 OK for: esbuild@0.21.5 want: 0.21.5
583 silly placeDep ROOT @esbuild/android-x64@0.21.5 OK for: esbuild@0.21.5 want: 0.21.5
584 silly placeDep ROOT @esbuild/darwin-arm64@0.21.5 OK for: esbuild@0.21.5 want: 0.21.5
585 silly placeDep ROOT @esbuild/darwin-x64@0.21.5 OK for: esbuild@0.21.5 want: 0.21.5
586 silly placeDep ROOT @esbuild/freebsd-arm64@0.21.5 OK for: esbuild@0.21.5 want: 0.21.5
587 silly placeDep ROOT @esbuild/freebsd-x64@0.21.5 OK for: esbuild@0.21.5 want: 0.21.5
588 silly placeDep ROOT @esbuild/linux-arm@0.21.5 OK for: esbuild@0.21.5 want: 0.21.5
589 silly placeDep ROOT @esbuild/linux-arm64@0.21.5 OK for: esbuild@0.21.5 want: 0.21.5
590 silly placeDep ROOT @esbuild/linux-ia32@0.21.5 OK for: esbuild@0.21.5 want: 0.21.5
591 silly placeDep ROOT @esbuild/linux-loong64@0.21.5 OK for: esbuild@0.21.5 want: 0.21.5
592 silly placeDep ROOT @esbuild/linux-mips64el@0.21.5 OK for: esbuild@0.21.5 want: 0.21.5
593 silly placeDep ROOT @esbuild/linux-ppc64@0.21.5 OK for: esbuild@0.21.5 want: 0.21.5
594 silly placeDep ROOT @esbuild/linux-riscv64@0.21.5 OK for: esbuild@0.21.5 want: 0.21.5
595 silly placeDep ROOT @esbuild/linux-s390x@0.21.5 OK for: esbuild@0.21.5 want: 0.21.5
596 silly placeDep ROOT @esbuild/linux-x64@0.21.5 OK for: esbuild@0.21.5 want: 0.21.5
597 silly placeDep ROOT @esbuild/netbsd-x64@0.21.5 OK for: esbuild@0.21.5 want: 0.21.5
598 silly placeDep ROOT @esbuild/openbsd-x64@0.21.5 OK for: esbuild@0.21.5 want: 0.21.5
599 silly placeDep ROOT @esbuild/sunos-x64@0.21.5 OK for: esbuild@0.21.5 want: 0.21.5
600 silly placeDep ROOT @esbuild/win32-arm64@0.21.5 OK for: esbuild@0.21.5 want: 0.21.5
601 silly placeDep ROOT @esbuild/win32-ia32@0.21.5 OK for: esbuild@0.21.5 want: 0.21.5
602 silly placeDep ROOT @esbuild/win32-x64@0.21.5 OK for: esbuild@0.21.5 want: 0.21.5
603 silly placeDep ROOT nanoid@3.3.12 OK for: postcss@8.5.15 want: ^3.3.12
604 silly placeDep ROOT source-map-js@1.2.1 OK for: postcss@8.5.15 want: ^1.2.1
605 silly placeDep ROOT @rollup/rollup-android-arm-eabi@4.61.1 OK for: rollup@4.61.1 want: 4.61.1
606 silly placeDep ROOT @rollup/rollup-android-arm64@4.61.1 OK for: rollup@4.61.1 want: 4.61.1
607 silly placeDep ROOT @rollup/rollup-darwin-arm64@4.61.1 OK for: rollup@4.61.1 want: 4.61.1
608 silly placeDep ROOT @rollup/rollup-darwin-x64@4.61.1 OK for: rollup@4.61.1 want: 4.61.1
609 silly placeDep ROOT @rollup/rollup-freebsd-arm64@4.61.1 OK for: rollup@4.61.1 want: 4.61.1
610 silly placeDep ROOT @rollup/rollup-freebsd-x64@4.61.1 OK for: rollup@4.61.1 want: 4.61.1
611 silly placeDep ROOT @rollup/rollup-linux-arm-gnueabihf@4.61.1 OK for: rollup@4.61.1 want: 4.61.1
612 silly placeDep ROOT @rollup/rollup-linux-arm-musleabihf@4.61.1 OK for: rollup@4.61.1 want: 4.61.1
613 silly placeDep ROOT @rollup/rollup-linux-arm64-gnu@4.61.1 OK for: rollup@4.61.1 want: 4.61.1
614 silly placeDep ROOT @rollup/rollup-linux-arm64-musl@4.61.1 OK for: rollup@4.61.1 want: 4.61.1
615 silly placeDep ROOT @rollup/rollup-linux-loong64-gnu@4.61.1 OK for: rollup@4.61.1 want: 4.61.1
616 silly placeDep ROOT @rollup/rollup-linux-loong64-musl@4.61.1 OK for: rollup@4.61.1 want: 4.61.1
617 silly placeDep ROOT @rollup/rollup-linux-ppc64-gnu@4.61.1 OK for: rollup@4.61.1 want: 4.61.1
618 silly placeDep ROOT @rollup/rollup-linux-ppc64-musl@4.61.1 OK for: rollup@4.61.1 want: 4.61.1
619 silly placeDep ROOT @rollup/rollup-linux-riscv64-gnu@4.61.1 OK for: rollup@4.61.1 want: 4.61.1
620 silly placeDep ROOT @rollup/rollup-linux-riscv64-musl@4.61.1 OK for: rollup@4.61.1 want: 4.61.1
621 silly placeDep ROOT @rollup/rollup-linux-s390x-gnu@4.61.1 OK for: rollup@4.61.1 want: 4.61.1
622 silly placeDep ROOT @rollup/rollup-linux-x64-gnu@4.61.1 OK for: rollup@4.61.1 want: 4.61.1
623 silly placeDep ROOT @rollup/rollup-linux-x64-musl@4.61.1 OK for: rollup@4.61.1 want: 4.61.1
624 silly placeDep ROOT @rollup/rollup-openbsd-x64@4.61.1 OK for: rollup@4.61.1 want: 4.61.1
625 silly placeDep ROOT @rollup/rollup-openharmony-arm64@4.61.1 OK for: rollup@4.61.1 want: 4.61.1
626 silly placeDep ROOT @rollup/rollup-win32-arm64-msvc@4.61.1 OK for: rollup@4.61.1 want: 4.61.1
627 silly placeDep ROOT @rollup/rollup-win32-ia32-msvc@4.61.1 OK for: rollup@4.61.1 want: 4.61.1
628 silly placeDep ROOT @rollup/rollup-win32-x64-gnu@4.61.1 OK for: rollup@4.61.1 want: 4.61.1
629 silly placeDep ROOT @rollup/rollup-win32-x64-msvc@4.61.1 OK for: rollup@4.61.1 want: 4.61.1
630 silly placeDep ROOT @types/estree@1.0.9 OK for: rollup@4.61.1 want: 1.0.9
631 silly reify moves {}
632 silly audit bulk request {
632 silly audit   '@vitejs/plugin-react': [ '4.7.0' ],
632 silly audit   vite: [ '5.4.21' ],
632 silly audit   react: [ '18.3.1' ],
632 silly audit   'react-dom': [ '18.3.1' ],
632 silly audit   '@babel/core': [ '7.29.7' ],
632 silly audit   '@babel/plugin-transform-react-jsx-self': [ '7.29.7' ],
632 silly audit   '@babel/plugin-transform-react-jsx-source': [ '7.29.7' ],
632 silly audit   '@rolldown/pluginutils': [ '1.0.0-beta.27' ],
632 silly audit   '@types/babel__core': [ '7.20.5' ],
632 silly audit   'react-refresh': [ '0.17.0' ],
632 silly audit   '@babel/code-frame': [ '7.29.7' ],
632 silly audit   '@babel/generator': [ '7.29.7' ],
632 silly audit   '@babel/helper-compilation-targets': [ '7.29.7' ],
632 silly audit   '@babel/helper-module-transforms': [ '7.29.7' ],
632 silly audit   '@babel/helpers': [ '7.29.7' ],
632 silly audit   '@babel/parser': [ '7.29.7' ],
632 silly audit   '@babel/template': [ '7.29.7' ],
632 silly audit   '@babel/traverse': [ '7.29.7' ],
632 silly audit   '@babel/types': [ '7.29.7' ],
632 silly audit   '@jridgewell/remapping': [ '2.3.5' ],
632 silly audit   'convert-source-map': [ '2.0.0' ],
632 silly audit   debug: [ '4.4.3' ],
632 silly audit   gensync: [ '1.0.0-beta.2' ],
632 silly audit   json5: [ '2.2.3' ],
632 silly audit   semver: [ '6.3.1' ],
632 silly audit   '@babel/helper-validator-identifier': [ '7.29.7' ],
632 silly audit   'js-tokens': [ '4.0.0' ],
632 silly audit   picocolors: [ '1.1.1' ],
632 silly audit   '@jridgewell/gen-mapping': [ '0.3.13' ],
632 silly audit   '@jridgewell/trace-mapping': [ '0.3.31' ],
632 silly audit   jsesc: [ '3.1.0' ],
632 silly audit   '@babel/compat-data': [ '7.29.7' ],
632 silly audit   '@babel/helper-validator-option': [ '7.29.7' ],
632 silly audit   browserslist: [ '4.28.2' ],
632 silly audit   'lru-cache': [ '5.1.1' ],
632 silly audit   '@babel/helper-module-imports': [ '7.29.7' ],
632 silly audit   '@babel/helper-plugin-utils': [ '7.29.7' ],
632 silly audit   '@babel/helper-globals': [ '7.29.7' ],
632 silly audit   '@babel/helper-string-parser': [ '7.29.7' ],
632 silly audit   '@jridgewell/sourcemap-codec': [ '1.5.5' ],
632 silly audit   '@jridgewell/resolve-uri': [ '3.1.2' ],
632 silly audit   '@types/babel__generator': [ '7.27.0' ],
632 silly audit   '@types/babel__template': [ '7.4.4' ],
632 silly audit   '@types/babel__traverse': [ '7.28.0' ],
632 silly audit   'baseline-browser-mapping': [ '2.10.35' ],
632 silly audit   'caniuse-lite': [ '1.0.30001799' ],
632 silly audit   'electron-to-chromium': [ '1.5.371' ],
632 silly audit   'node-releases': [ '2.0.47' ],
632 silly audit   'update-browserslist-db': [ '1.2.3' ],
632 silly audit   ms: [ '2.1.3' ],
632 silly audit   yallist: [ '3.1.1' ],
632 silly audit   'loose-envify': [ '1.4.0' ],
632 silly audit   scheduler: [ '0.23.2' ],
632 silly audit   escalade: [ '3.2.0' ],
632 silly audit   esbuild: [ '0.21.5' ],
632 silly audit   fsevents: [ '2.3.3' ],
632 silly audit   postcss: [ '8.5.15' ],
632 silly audit   rollup: [ '4.61.1' ],
632 silly audit   '@esbuild/aix-ppc64': [ '0.21.5' ],
632 silly audit   '@esbuild/android-arm': [ '0.21.5' ],
632 silly audit   '@esbuild/android-arm64': [ '0.21.5' ],
632 silly audit   '@esbuild/android-x64': [ '0.21.5' ],
632 silly audit   '@esbuild/darwin-arm64': [ '0.21.5' ],
632 silly audit   '@esbuild/darwin-x64': [ '0.21.5' ],
632 silly audit   '@esbuild/freebsd-arm64': [ '0.21.5' ],
632 silly audit   '@esbuild/freebsd-x64': [ '0.21.5' ],
632 silly audit   '@esbuild/linux-arm': [ '0.21.5' ],
632 silly audit   '@esbuild/linux-arm64': [ '0.21.5' ],
632 silly audit   '@esbuild/linux-ia32': [ '0.21.5' ],
632 silly audit   '@esbuild/linux-loong64': [ '0.21.5' ],
632 silly audit   '@esbuild/linux-mips64el': [ '0.21.5' ],
632 silly audit   '@esbuild/linux-ppc64': [ '0.21.5' ],
632 silly audit   '@esbuild/linux-riscv64': [ '0.21.5' ],
632 silly audit   '@esbuild/linux-s390x': [ '0.21.5' ],
632 silly audit   '@esbuild/linux-x64': [ '0.21.5' ],
632 silly audit   '@esbuild/netbsd-x64': [ '0.21.5' ],
632 silly audit   '@esbuild/openbsd-x64': [ '0.21.5' ],
632 silly audit   '@esbuild/sunos-x64': [ '0.21.5' ],
632 silly audit   '@esbuild/win32-arm64': [ '0.21.5' ],
632 silly audit   '@esbuild/win32-ia32': [ '0.21.5' ],
632 silly audit   '@esbuild/win32-x64': [ '0.21.5' ],
632 silly audit   nanoid: [ '3.3.12' ],
632 silly audit   'source-map-js': [ '1.2.1' ],
632 silly audit   '@rollup/rollup-android-arm-eabi': [ '4.61.1' ],
632 silly audit   '@rollup/rollup-android-arm64': [ '4.61.1' ],
632 silly audit   '@rollup/rollup-darwin-arm64': [ '4.61.1' ],
632 silly audit   '@rollup/rollup-darwin-x64': [ '4.61.1' ],
632 silly audit   '@rollup/rollup-freebsd-arm64': [ '4.61.1' ],
632 silly audit   '@rollup/rollup-freebsd-x64': [ '4.61.1' ],
632 silly audit   '@rollup/rollup-linux-arm-gnueabihf': [ '4.61.1' ],
632 silly audit   '@rollup/rollup-linux-arm-musleabihf': [ '4.61.1' ],
632 silly audit   '@rollup/rollup-linux-arm64-gnu': [ '4.61.1' ],
632 silly audit   '@rollup/rollup-linux-arm64-musl': [ '4.61.1' ],
632 silly audit   '@rollup/rollup-linux-loong64-gnu': [ '4.61.1' ],
632 silly audit   '@rollup/rollup-linux-loong64-musl': [ '4.61.1' ],
632 silly audit   '@rollup/rollup-linux-ppc64-gnu': [ '4.61.1' ],
632 silly audit   '@rollup/rollup-linux-ppc64-musl': [ '4.61.1' ],
632 silly audit   '@rollup/rollup-linux-riscv64-gnu': [ '4.61.1' ],
632 silly audit   '@rollup/rollup-linux-riscv64-musl': [ '4.61.1' ],
632 silly audit   '@rollup/rollup-linux-s390x-gnu': [ '4.61.1' ],
632 silly audit   '@rollup/rollup-linux-x64-gnu': [ '4.61.1' ],
632 silly audit   '@rollup/rollup-linux-x64-musl': [ '4.61.1' ],
632 silly audit   '@rollup/rollup-openbsd-x64': [ '4.61.1' ],
632 silly audit   '@rollup/rollup-openharmony-arm64': [ '4.61.1' ],
632 silly audit   '@rollup/rollup-win32-arm64-msvc': [ '4.61.1' ],
632 silly audit   '@rollup/rollup-win32-ia32-msvc': [ '4.61.1' ],
632 silly audit   '@rollup/rollup-win32-x64-gnu': [ '4.61.1' ],
632 silly audit   '@rollup/rollup-win32-x64-msvc': [ '4.61.1' ],
632 silly audit   '@types/estree': [ '1.0.9' ]
632 silly audit }
633 verbose reify failed optional dependency /mnt/g/development/Advisory/web/node_modules/@rollup/rollup-win32-x64-msvc
634 silly reify mark deleted [
634 silly reify   '/mnt/g/development/Advisory/web/node_modules/@rollup/rollup-win32-x64-msvc'
634 silly reify ]
635 verbose reify failed optional dependency /mnt/g/development/Advisory/web/node_modules/@rollup/rollup-win32-x64-gnu
636 silly reify mark deleted [
636 silly reify   '/mnt/g/development/Advisory/web/node_modules/@rollup/rollup-win32-x64-gnu'
636 silly reify ]
637 verbose reify failed optional dependency /mnt/g/development/Advisory/web/node_modules/@rollup/rollup-win32-ia32-msvc
638 silly reify mark deleted [
638 silly reify   '/mnt/g/development/Advisory/web/node_modules/@rollup/rollup-win32-ia32-msvc'
638 silly reify ]
639 verbose reify failed optional dependency /mnt/g/development/Advisory/web/node_modules/@rollup/rollup-win32-arm64-msvc
640 silly reify mark deleted [
640 silly reify   '/mnt/g/development/Advisory/web/node_modules/@rollup/rollup-win32-arm64-msvc'
640 silly reify ]
641 verbose reify failed optional dependency /mnt/g/development/Advisory/web/node_modules/@rollup/rollup-openharmony-arm64
642 silly reify mark deleted [
642 silly reify   '/mnt/g/development/Advisory/web/node_modules/@rollup/rollup-openharmony-arm64'
642 silly reify ]
643 verbose reify failed optional dependency /mnt/g/development/Advisory/web/node_modules/@rollup/rollup-openbsd-x64
644 silly reify mark deleted [
644 silly reify   '/mnt/g/development/Advisory/web/node_modules/@rollup/rollup-openbsd-x64'
644 silly reify ]
645 verbose reify failed optional dependency /mnt/g/development/Advisory/web/node_modules/@rollup/rollup-linux-x64-musl
646 silly reify mark deleted [
646 silly reify   '/mnt/g/development/Advisory/web/node_modules/@rollup/rollup-linux-x64-musl'
646 silly reify ]
647 verbose reify failed optional dependency /mnt/g/development/Advisory/web/node_modules/@rollup/rollup-linux-s390x-gnu
648 silly reify mark deleted [
648 silly reify   '/mnt/g/development/Advisory/web/node_modules/@rollup/rollup-linux-s390x-gnu'
648 silly reify ]
649 verbose reify failed optional dependency /mnt/g/development/Advisory/web/node_modules/@rollup/rollup-linux-riscv64-musl
650 silly reify mark deleted [
650 silly reify   '/mnt/g/development/Advisory/web/node_modules/@rollup/rollup-linux-riscv64-musl'
650 silly reify ]
651 verbose reify failed optional dependency /mnt/g/development/Advisory/web/node_modules/@rollup/rollup-linux-riscv64-gnu
652 silly reify mark deleted [
652 silly reify   '/mnt/g/development/Advisory/web/node_modules/@rollup/rollup-linux-riscv64-gnu'
652 silly reify ]
653 verbose reify failed optional dependency /mnt/g/development/Advisory/web/node_modules/@rollup/rollup-linux-ppc64-musl
654 silly reify mark deleted [
654 silly reify   '/mnt/g/development/Advisory/web/node_modules/@rollup/rollup-linux-ppc64-musl'
654 silly reify ]
655 verbose reify failed optional dependency /mnt/g/development/Advisory/web/node_modules/@rollup/rollup-linux-ppc64-gnu
656 silly reify mark deleted [
656 silly reify   '/mnt/g/development/Advisory/web/node_modules/@rollup/rollup-linux-ppc64-gnu'
656 silly reify ]
657 verbose reify failed optional dependency /mnt/g/development/Advisory/web/node_modules/@rollup/rollup-linux-loong64-musl
658 silly reify mark deleted [
658 silly reify   '/mnt/g/development/Advisory/web/node_modules/@rollup/rollup-linux-loong64-musl'
658 silly reify ]
659 verbose reify failed optional dependency /mnt/g/development/Advisory/web/node_modules/@rollup/rollup-linux-loong64-gnu
660 silly reify mark deleted [
660 silly reify   '/mnt/g/development/Advisory/web/node_modules/@rollup/rollup-linux-loong64-gnu'
660 silly reify ]
661 verbose reify failed optional dependency /mnt/g/development/Advisory/web/node_modules/@rollup/rollup-linux-arm64-musl
662 silly reify mark deleted [
662 silly reify   '/mnt/g/development/Advisory/web/node_modules/@rollup/rollup-linux-arm64-musl'
662 silly reify ]
663 verbose reify failed optional dependency /mnt/g/development/Advisory/web/node_modules/@rollup/rollup-linux-arm64-gnu
664 silly reify mark deleted [
664 silly reify   '/mnt/g/development/Advisory/web/node_modules/@rollup/rollup-linux-arm64-gnu'
664 silly reify ]
665 verbose reify failed optional dependency /mnt/g/development/Advisory/web/node_modules/@rollup/rollup-linux-arm-musleabihf
666 silly reify mark deleted [
666 silly reify   '/mnt/g/development/Advisory/web/node_modules/@rollup/rollup-linux-arm-musleabihf'
666 silly reify ]
667 verbose reify failed optional dependency /mnt/g/development/Advisory/web/node_modules/@rollup/rollup-linux-arm-gnueabihf
668 silly reify mark deleted [
668 silly reify   '/mnt/g/development/Advisory/web/node_modules/@rollup/rollup-linux-arm-gnueabihf'
668 silly reify ]
669 verbose reify failed optional dependency /mnt/g/development/Advisory/web/node_modules/@rollup/rollup-freebsd-x64
670 silly reify mark deleted [
670 silly reify   '/mnt/g/development/Advisory/web/node_modules/@rollup/rollup-freebsd-x64'
670 silly reify ]
671 verbose reify failed optional dependency /mnt/g/development/Advisory/web/node_modules/@rollup/rollup-freebsd-arm64
672 silly reify mark deleted [
672 silly reify   '/mnt/g/development/Advisory/web/node_modules/@rollup/rollup-freebsd-arm64'
672 silly reify ]
673 verbose reify failed optional dependency /mnt/g/development/Advisory/web/node_modules/@rollup/rollup-darwin-x64
674 silly reify mark deleted [
674 silly reify   '/mnt/g/development/Advisory/web/node_modules/@rollup/rollup-darwin-x64'
674 silly reify ]
675 verbose reify failed optional dependency /mnt/g/development/Advisory/web/node_modules/@rollup/rollup-darwin-arm64
676 silly reify mark deleted [
676 silly reify   '/mnt/g/development/Advisory/web/node_modules/@rollup/rollup-darwin-arm64'
676 silly reify ]
677 verbose reify failed optional dependency /mnt/g/development/Advisory/web/node_modules/@rollup/rollup-android-arm64
678 silly reify mark deleted [
678 silly reify   '/mnt/g/development/Advisory/web/node_modules/@rollup/rollup-android-arm64'
678 silly reify ]
679 verbose reify failed optional dependency /mnt/g/development/Advisory/web/node_modules/@rollup/rollup-android-arm-eabi
680 silly reify mark deleted [
680 silly reify   '/mnt/g/development/Advisory/web/node_modules/@rollup/rollup-android-arm-eabi'
680 silly reify ]
681 verbose reify failed optional dependency /mnt/g/development/Advisory/web/node_modules/@esbuild/win32-x64
682 silly reify mark deleted [ '/mnt/g/development/Advisory/web/node_modules/@esbuild/win32-x64' ]
683 verbose reify failed optional dependency /mnt/g/development/Advisory/web/node_modules/@esbuild/win32-ia32
684 silly reify mark deleted [ '/mnt/g/development/Advisory/web/node_modules/@esbuild/win32-ia32' ]
685 verbose reify failed optional dependency /mnt/g/development/Advisory/web/node_modules/@esbuild/win32-arm64
686 silly reify mark deleted [ '/mnt/g/development/Advisory/web/node_modules/@esbuild/win32-arm64' ]
687 verbose reify failed optional dependency /mnt/g/development/Advisory/web/node_modules/@esbuild/sunos-x64
688 silly reify mark deleted [ '/mnt/g/development/Advisory/web/node_modules/@esbuild/sunos-x64' ]
689 verbose reify failed optional dependency /mnt/g/development/Advisory/web/node_modules/@esbuild/openbsd-x64
690 silly reify mark deleted [ '/mnt/g/development/Advisory/web/node_modules/@esbuild/openbsd-x64' ]
691 verbose reify failed optional dependency /mnt/g/development/Advisory/web/node_modules/@esbuild/netbsd-x64
692 silly reify mark deleted [ '/mnt/g/development/Advisory/web/node_modules/@esbuild/netbsd-x64' ]
693 verbose reify failed optional dependency /mnt/g/development/Advisory/web/node_modules/@esbuild/linux-s390x
694 silly reify mark deleted [ '/mnt/g/development/Advisory/web/node_modules/@esbuild/linux-s390x' ]
695 verbose reify failed optional dependency /mnt/g/development/Advisory/web/node_modules/@esbuild/linux-riscv64
696 silly reify mark deleted [
696 silly reify   '/mnt/g/development/Advisory/web/node_modules/@esbuild/linux-riscv64'
696 silly reify ]
697 verbose reify failed optional dependency /mnt/g/development/Advisory/web/node_modules/@esbuild/linux-ppc64
698 silly reify mark deleted [ '/mnt/g/development/Advisory/web/node_modules/@esbuild/linux-ppc64' ]
699 verbose reify failed optional dependency /mnt/g/development/Advisory/web/node_modules/@esbuild/linux-mips64el
700 silly reify mark deleted [
700 silly reify   '/mnt/g/development/Advisory/web/node_modules/@esbuild/linux-mips64el'
700 silly reify ]
701 verbose reify failed optional dependency /mnt/g/development/Advisory/web/node_modules/@esbuild/linux-loong64
702 silly reify mark deleted [
702 silly reify   '/mnt/g/development/Advisory/web/node_modules/@esbuild/linux-loong64'
702 silly reify ]
703 verbose reify failed optional dependency /mnt/g/development/Advisory/web/node_modules/@esbuild/linux-ia32
704 silly reify mark deleted [ '/mnt/g/development/Advisory/web/node_modules/@esbuild/linux-ia32' ]
705 verbose reify failed optional dependency /mnt/g/development/Advisory/web/node_modules/@esbuild/linux-arm64
706 silly reify mark deleted [ '/mnt/g/development/Advisory/web/node_modules/@esbuild/linux-arm64' ]
707 verbose reify failed optional dependency /mnt/g/development/Advisory/web/node_modules/@esbuild/linux-arm
708 silly reify mark deleted [ '/mnt/g/development/Advisory/web/node_modules/@esbuild/linux-arm' ]
709 verbose reify failed optional dependency /mnt/g/development/Advisory/web/node_modules/@esbuild/freebsd-x64
710 silly reify mark deleted [ '/mnt/g/development/Advisory/web/node_modules/@esbuild/freebsd-x64' ]
711 verbose reify failed optional dependency /mnt/g/development/Advisory/web/node_modules/@esbuild/freebsd-arm64
712 silly reify mark deleted [
712 silly reify   '/mnt/g/development/Advisory/web/node_modules/@esbuild/freebsd-arm64'
712 silly reify ]
713 verbose reify failed optional dependency /mnt/g/development/Advisory/web/node_modules/@esbuild/darwin-x64
714 silly reify mark deleted [ '/mnt/g/development/Advisory/web/node_modules/@esbuild/darwin-x64' ]
715 verbose reify failed optional dependency /mnt/g/development/Advisory/web/node_modules/@esbuild/darwin-arm64
716 silly reify mark deleted [
716 silly reify   '/mnt/g/development/Advisory/web/node_modules/@esbuild/darwin-arm64'
716 silly reify ]
717 verbose reify failed optional dependency /mnt/g/development/Advisory/web/node_modules/@esbuild/android-x64
718 silly reify mark deleted [ '/mnt/g/development/Advisory/web/node_modules/@esbuild/android-x64' ]
719 verbose reify failed optional dependency /mnt/g/development/Advisory/web/node_modules/@esbuild/android-arm64
720 silly reify mark deleted [
720 silly reify   '/mnt/g/development/Advisory/web/node_modules/@esbuild/android-arm64'
720 silly reify ]
721 verbose reify failed optional dependency /mnt/g/development/Advisory/web/node_modules/@esbuild/android-arm
722 silly reify mark deleted [ '/mnt/g/development/Advisory/web/node_modules/@esbuild/android-arm' ]
723 verbose reify failed optional dependency /mnt/g/development/Advisory/web/node_modules/@esbuild/aix-ppc64
724 silly reify mark deleted [ '/mnt/g/development/Advisory/web/node_modules/@esbuild/aix-ppc64' ]
725 verbose reify failed optional dependency /mnt/g/development/Advisory/web/node_modules/fsevents
726 silly reify mark deleted [ '/mnt/g/development/Advisory/web/node_modules/fsevents' ]
727 silly tarball no local data for nanoid@https://registry.npmjs.org/nanoid/-/nanoid-3.3.12.tgz. Extracting by manifest.
728 silly tarball no local data for source-map-js@https://registry.npmjs.org/source-map-js/-/source-map-js-1.2.1.tgz. Extracting by manifest.
729 silly tarball no local data for @rollup/rollup-linux-x64-gnu@https://registry.npmjs.org/@rollup/rollup-linux-x64-gnu/-/rollup-linux-x64-gnu-4.61.1.tgz. Extracting by manifest.
730 silly tarball no local data for postcss@https://registry.npmjs.org/postcss/-/postcss-8.5.15.tgz. Extracting by manifest.
731 silly tarball no local data for esbuild@https://registry.npmjs.org/esbuild/-/esbuild-0.21.5.tgz. Extracting by manifest.
732 silly tarball no local data for rollup@https://registry.npmjs.org/rollup/-/rollup-4.61.1.tgz. Extracting by manifest.
733 silly tarball no local data for @esbuild/linux-x64@https://registry.npmjs.org/@esbuild/linux-x64/-/linux-x64-0.21.5.tgz. Extracting by manifest.
734 silly tarball no local data for @types/estree@https://registry.npmjs.org/@types/estree/-/estree-1.0.9.tgz. Extracting by manifest.
735 silly tarball no local data for escalade@https://registry.npmjs.org/escalade/-/escalade-3.2.0.tgz. Extracting by manifest.
736 silly tarball no local data for ms@https://registry.npmjs.org/ms/-/ms-2.1.3.tgz. Extracting by manifest.
737 silly tarball no local data for scheduler@https://registry.npmjs.org/scheduler/-/scheduler-0.23.2.tgz. Extracting by manifest.
738 silly tarball no local data for loose-envify@https://registry.npmjs.org/loose-envify/-/loose-envify-1.4.0.tgz. Extracting by manifest.
739 silly tarball no local data for update-browserslist-db@https://registry.npmjs.org/update-browserslist-db/-/update-browserslist-db-1.2.3.tgz. Extracting by manifest.
740 silly tarball no local data for electron-to-chromium@https://registry.npmjs.org/electron-to-chromium/-/electron-to-chromium-1.5.371.tgz. Extracting by manifest.
741 silly tarball no local data for caniuse-lite@https://registry.npmjs.org/caniuse-lite/-/caniuse-lite-1.0.30001799.tgz. Extracting by manifest.
742 silly tarball no local data for yallist@https://registry.npmjs.org/yallist/-/yallist-3.1.1.tgz. Extracting by manifest.
743 silly tarball no local data for baseline-browser-mapping@https://registry.npmjs.org/baseline-browser-mapping/-/baseline-browser-mapping-2.10.35.tgz. Extracting by manifest.
744 silly tarball no local data for node-releases@https://registry.npmjs.org/node-releases/-/node-releases-2.0.47.tgz. Extracting by manifest.
745 silly tarball no local data for @types/babel__traverse@https://registry.npmjs.org/@types/babel__traverse/-/babel__traverse-7.28.0.tgz. Extracting by manifest.
746 silly tarball no local data for @types/babel__generator@https://registry.npmjs.org/@types/babel__generator/-/babel__generator-7.27.0.tgz. Extracting by manifest.
747 silly tarball no local data for @jridgewell/sourcemap-codec@https://registry.npmjs.org/@jridgewell/sourcemap-codec/-/sourcemap-codec-1.5.5.tgz. Extracting by manifest.
748 silly tarball no local data for @jridgewell/resolve-uri@https://registry.npmjs.org/@jridgewell/resolve-uri/-/resolve-uri-3.1.2.tgz. Extracting by manifest.
749 silly tarball no local data for @babel/helper-globals@https://registry.npmjs.org/@babel/helper-globals/-/helper-globals-7.29.7.tgz. Extracting by manifest.
750 silly tarball no local data for @types/babel__template@https://registry.npmjs.org/@types/babel__template/-/babel__template-7.4.4.tgz. Extracting by manifest.
751 silly tarball no local data for @babel/helper-plugin-utils@https://registry.npmjs.org/@babel/helper-plugin-utils/-/helper-plugin-utils-7.29.7.tgz. Extracting by manifest.
752 silly tarball no local data for browserslist@https://registry.npmjs.org/browserslist/-/browserslist-4.28.2.tgz. Extracting by manifest.
753 silly tarball no local data for @babel/helper-string-parser@https://registry.npmjs.org/@babel/helper-string-parser/-/helper-string-parser-7.29.7.tgz. Extracting by manifest.
754 silly tarball no local data for js-tokens@https://registry.npmjs.org/js-tokens/-/js-tokens-4.0.0.tgz. Extracting by manifest.
755 silly tarball no local data for lru-cache@https://registry.npmjs.org/lru-cache/-/lru-cache-5.1.1.tgz. Extracting by manifest.
756 silly tarball no local data for @babel/helper-module-imports@https://registry.npmjs.org/@babel/helper-module-imports/-/helper-module-imports-7.29.7.tgz. Extracting by manifest.
757 silly tarball no local data for @babel/compat-data@https://registry.npmjs.org/@babel/compat-data/-/compat-data-7.29.7.tgz. Extracting by manifest.
758 silly tarball no local data for @babel/helper-validator-option@https://registry.npmjs.org/@babel/helper-validator-option/-/helper-validator-option-7.29.7.tgz. Extracting by manifest.
759 silly tarball no local data for picocolors@https://registry.npmjs.org/picocolors/-/picocolors-1.1.1.tgz. Extracting by manifest.
760 silly tarball no local data for gensync@https://registry.npmjs.org/gensync/-/gensync-1.0.0-beta.2.tgz. Extracting by manifest.
761 silly tarball no local data for semver@https://registry.npmjs.org/semver/-/semver-6.3.1.tgz. Extracting by manifest.
762 silly tarball no local data for jsesc@https://registry.npmjs.org/jsesc/-/jsesc-3.1.0.tgz. Extracting by manifest.
763 silly tarball no local data for @jridgewell/trace-mapping@https://registry.npmjs.org/@jridgewell/trace-mapping/-/trace-mapping-0.3.31.tgz. Extracting by manifest.
764 silly tarball no local data for debug@https://registry.npmjs.org/debug/-/debug-4.4.3.tgz. Extracting by manifest.
765 silly tarball no local data for @babel/helper-validator-identifier@https://registry.npmjs.org/@babel/helper-validator-identifier/-/helper-validator-identifier-7.29.7.tgz. Extracting by manifest.
766 silly tarball no local data for json5@https://registry.npmjs.org/json5/-/json5-2.2.3.tgz. Extracting by manifest.
767 silly tarball no local data for @babel/types@https://registry.npmjs.org/@babel/types/-/types-7.29.7.tgz. Extracting by manifest.
768 silly tarball no local data for @jridgewell/gen-mapping@https://registry.npmjs.org/@jridgewell/gen-mapping/-/gen-mapping-0.3.13.tgz. Extracting by manifest.
769 silly tarball no local data for convert-source-map@https://registry.npmjs.org/convert-source-map/-/convert-source-map-2.0.0.tgz. Extracting by manifest.
770 silly tarball no local data for @jridgewell/remapping@https://registry.npmjs.org/@jridgewell/remapping/-/remapping-2.3.5.tgz. Extracting by manifest.
771 silly tarball no local data for @babel/parser@https://registry.npmjs.org/@babel/parser/-/parser-7.29.7.tgz. Extracting by manifest.
772 silly tarball no local data for @babel/helpers@https://registry.npmjs.org/@babel/helpers/-/helpers-7.29.7.tgz. Extracting by manifest.
773 silly tarball no local data for react-refresh@https://registry.npmjs.org/react-refresh/-/react-refresh-0.17.0.tgz. Extracting by manifest.
774 silly tarball no local data for @babel/traverse@https://registry.npmjs.org/@babel/traverse/-/traverse-7.29.7.tgz. Extracting by manifest.
775 silly tarball no local data for @babel/template@https://registry.npmjs.org/@babel/template/-/template-7.29.7.tgz. Extracting by manifest.
776 silly tarball no local data for @babel/generator@https://registry.npmjs.org/@babel/generator/-/generator-7.29.7.tgz. Extracting by manifest.
777 silly tarball no local data for @babel/helper-module-transforms@https://registry.npmjs.org/@babel/helper-module-transforms/-/helper-module-transforms-7.29.7.tgz. Extracting by manifest.
778 silly tarball no local data for @types/babel__core@https://registry.npmjs.org/@types/babel__core/-/babel__core-7.20.5.tgz. Extracting by manifest.
779 silly tarball no local data for @babel/helper-compilation-targets@https://registry.npmjs.org/@babel/helper-compilation-targets/-/helper-compilation-targets-7.29.7.tgz. Extracting by manifest.
780 silly tarball no local data for @babel/core@https://registry.npmjs.org/@babel/core/-/core-7.29.7.tgz. Extracting by manifest.
781 silly tarball no local data for @rolldown/pluginutils@https://registry.npmjs.org/@rolldown/pluginutils/-/pluginutils-1.0.0-beta.27.tgz. Extracting by manifest.
782 silly tarball no local data for react-dom@https://registry.npmjs.org/react-dom/-/react-dom-18.3.1.tgz. Extracting by manifest.
783 silly tarball no local data for vite@https://registry.npmjs.org/vite/-/vite-5.4.21.tgz. Extracting by manifest.
784 silly tarball no local data for @babel/code-frame@https://registry.npmjs.org/@babel/code-frame/-/code-frame-7.29.7.tgz. Extracting by manifest.
785 silly tarball no local data for @babel/plugin-transform-react-jsx-self@https://registry.npmjs.org/@babel/plugin-transform-react-jsx-self/-/plugin-transform-react-jsx-self-7.29.7.tgz. Extracting by manifest.
786 silly tarball no local data for @babel/plugin-transform-react-jsx-source@https://registry.npmjs.org/@babel/plugin-transform-react-jsx-source/-/plugin-transform-react-jsx-source-7.29.7.tgz. Extracting by manifest.
787 silly tarball no local data for react@https://registry.npmjs.org/react/-/react-18.3.1.tgz. Extracting by manifest.
788 silly tarball no local data for @vitejs/plugin-react@https://registry.npmjs.org/@vitejs/plugin-react/-/plugin-react-4.7.0.tgz. Extracting by manifest.
789 http fetch POST 200 https://registry.npmjs.org/-/npm/v1/security/advisories/bulk 80356ms
790 silly audit report {
790 silly audit report   vite: [
790 silly audit report     {
790 silly audit report       id: 1116229,
790 silly audit report       url: 'https://github.com/advisories/GHSA-4w7w-66w2-5vf9',
790 silly audit report       title: 'Vite Vulnerable to Path Traversal in Optimized Deps `.map` Handling',
790 silly audit report       severity: 'moderate',
790 silly audit report       vulnerable_versions: '<=6.4.1',
790 silly audit report       cwe: [Array],
790 silly audit report       cvss: [Object]
790 silly audit report     }
790 silly audit report   ],
790 silly audit report   esbuild: [
790 silly audit report     {
790 silly audit report       id: 1102341,
790 silly audit report       url: 'https://github.com/advisories/GHSA-67mh-4wv8-2f99',
790 silly audit report       title: 'esbuild enables any website to send any requests to the development server and read the response',
790 silly audit report       severity: 'moderate',
790 silly audit report       vulnerable_versions: '<=0.24.2',
790 silly audit report       cwe: [Array],
790 silly audit report       cvss: [Object]
790 silly audit report     }
790 silly audit report   ]
790 silly audit report }
791 silly packumentCache corgi:https://registry.npmjs.org/vite cache-miss
792 silly packumentCache corgi:https://registry.npmjs.org/esbuild cache-miss
793 http fetch GET 200 https://registry.npmjs.org/nanoid/-/nanoid-3.3.12.tgz 630ms (cache miss)
794 http fetch GET 200 https://registry.npmjs.org/esbuild 608ms (cache hit)
795 silly packumentCache corgi:https://registry.npmjs.org/esbuild set size:885757 disposed:false
796 http fetch GET 200 https://registry.npmjs.org/vite 641ms (cache hit)
797 silly packumentCache corgi:https://registry.npmjs.org/vite set size:2261551 disposed:false
798 silly packumentCache corgi:https://registry.npmjs.org/@vitejs%2fplugin-react cache-miss
799 http fetch GET 200 https://registry.npmjs.org/escalade/-/escalade-3.2.0.tgz 1008ms (cache miss)
800 http fetch GET 200 https://registry.npmjs.org/loose-envify/-/loose-envify-1.4.0.tgz 1194ms (cache miss)
801 http fetch GET 200 https://registry.npmjs.org/@types/estree/-/estree-1.0.9.tgz 1300ms (cache miss)
802 http fetch GET 200 https://registry.npmjs.org/lru-cache/-/lru-cache-5.1.1.tgz 1448ms (cache miss)
803 http fetch GET 200 https://registry.npmjs.org/yallist/-/yallist-3.1.1.tgz 1566ms (cache miss)
804 http fetch GET 200 https://registry.npmjs.org/@types/babel__template/-/babel__template-7.4.4.tgz 1575ms (cache miss)
805 http fetch GET 200 https://registry.npmjs.org/node-releases/-/node-releases-2.0.47.tgz 1606ms (cache miss)
806 http fetch GET 200 https://registry.npmjs.org/@jridgewell/resolve-uri/-/resolve-uri-3.1.2.tgz 1648ms (cache miss)
807 http fetch GET 200 https://registry.npmjs.org/@babel/helper-validator-option/-/helper-validator-option-7.29.7.tgz 1671ms (cache miss)
808 http fetch GET 200 https://registry.npmjs.org/js-tokens/-/js-tokens-4.0.0.tgz 1797ms (cache miss)
809 http fetch GET 200 https://registry.npmjs.org/picocolors/-/picocolors-1.1.1.tgz 1811ms (cache miss)
810 http fetch GET 200 https://registry.npmjs.org/convert-source-map/-/convert-source-map-2.0.0.tgz 1816ms (cache miss)
811 http fetch GET 200 https://registry.npmjs.org/gensync/-/gensync-1.0.0-beta.2.tgz 1891ms (cache miss)
812 http fetch GET 200 https://registry.npmjs.org/@babel/plugin-transform-react-jsx-self/-/plugin-transform-react-jsx-self-7.29.7.tgz 1900ms (cache miss)
813 http fetch GET 200 https://registry.npmjs.org/@babel/helper-plugin-utils/-/helper-plugin-utils-7.29.7.tgz 1957ms (cache miss)
814 http fetch GET 200 https://registry.npmjs.org/@babel/helper-globals/-/helper-globals-7.29.7.tgz 1979ms (cache miss)
815 http fetch GET 200 https://registry.npmjs.org/@babel/helper-validator-identifier/-/helper-validator-identifier-7.29.7.tgz 1987ms (cache miss)
816 http fetch GET 200 https://registry.npmjs.org/@types/babel__generator/-/babel__generator-7.27.0.tgz 2065ms (cache miss)
817 http fetch GET 200 https://registry.npmjs.org/ms/-/ms-2.1.3.tgz 2112ms (cache miss)
818 http fetch GET 200 https://registry.npmjs.org/@babel/helper-string-parser/-/helper-string-parser-7.29.7.tgz 2162ms (cache miss)
819 http fetch GET 200 https://registry.npmjs.org/@rolldown/pluginutils/-/pluginutils-1.0.0-beta.27.tgz 2134ms (cache miss)
820 http fetch GET 200 https://registry.npmjs.org/@babel/plugin-transform-react-jsx-source/-/plugin-transform-react-jsx-source-7.29.7.tgz 2137ms (cache miss)
821 http fetch GET 200 https://registry.npmjs.org/semver/-/semver-6.3.1.tgz 2209ms (cache miss)
822 http fetch GET 200 https://registry.npmjs.org/update-browserslist-db/-/update-browserslist-db-1.2.3.tgz 2321ms (cache miss)
823 http fetch GET 200 https://registry.npmjs.org/@types/babel__core/-/babel__core-7.20.5.tgz 2261ms (cache miss)
824 http fetch GET 200 https://registry.npmjs.org/browserslist/-/browserslist-4.28.2.tgz 2363ms (cache miss)
825 http fetch GET 200 https://registry.npmjs.org/@types/babel__traverse/-/babel__traverse-7.28.0.tgz 2388ms (cache miss)
826 http fetch GET 200 https://registry.npmjs.org/@vitejs%2fplugin-react 1483ms (cache hit)
827 silly packumentCache corgi:https://registry.npmjs.org/@vitejs%2fplugin-react set size:113751 disposed:false
828 http fetch GET 200 https://registry.npmjs.org/react-refresh/-/react-refresh-0.17.0.tgz 2418ms (cache miss)
829 http fetch GET 200 https://registry.npmjs.org/@vitejs/plugin-react/-/plugin-react-4.7.0.tgz 2476ms (cache miss)
830 http fetch GET 200 https://registry.npmjs.org/@babel/helper-compilation-targets/-/helper-compilation-targets-7.29.7.tgz 2543ms (cache miss)
831 http fetch GET 200 https://registry.npmjs.org/jsesc/-/jsesc-3.1.0.tgz 2632ms (cache miss)
832 http fetch GET 200 https://registry.npmjs.org/@babel/code-frame/-/code-frame-7.29.7.tgz 2634ms (cache miss)
833 http fetch GET 200 https://registry.npmjs.org/@babel/helper-module-imports/-/helper-module-imports-7.29.7.tgz 2693ms (cache miss)
834 http fetch GET 200 https://registry.npmjs.org/@babel/compat-data/-/compat-data-7.29.7.tgz 2706ms (cache miss)
835 http fetch GET 200 https://registry.npmjs.org/@babel/template/-/template-7.29.7.tgz 2770ms (cache miss)
836 http fetch GET 200 https://registry.npmjs.org/debug/-/debug-4.4.3.tgz 2802ms (cache miss)
837 http fetch GET 200 https://registry.npmjs.org/scheduler/-/scheduler-0.23.2.tgz 2848ms (cache miss)
838 http fetch GET 200 https://registry.npmjs.org/esbuild/-/esbuild-0.21.5.tgz 2867ms (cache miss)
839 http fetch GET 200 https://registry.npmjs.org/@jridgewell/gen-mapping/-/gen-mapping-0.3.13.tgz 2939ms (cache miss)
840 http fetch GET 200 https://registry.npmjs.org/json5/-/json5-2.2.3.tgz 3016ms (cache miss)
841 http fetch GET 200 https://registry.npmjs.org/@jridgewell/sourcemap-codec/-/sourcemap-codec-1.5.5.tgz 3127ms (cache miss)
842 http fetch GET 200 https://registry.npmjs.org/source-map-js/-/source-map-js-1.2.1.tgz 3214ms (cache miss)
843 http fetch GET 200 https://registry.npmjs.org/electron-to-chromium/-/electron-to-chromium-1.5.371.tgz 3321ms (cache miss)
844 http fetch GET 200 https://registry.npmjs.org/@jridgewell/remapping/-/remapping-2.3.5.tgz 3291ms (cache miss)
845 http fetch GET 200 https://registry.npmjs.org/@babel/helper-module-transforms/-/helper-module-transforms-7.29.7.tgz 3344ms (cache miss)
846 http fetch GET 200 https://registry.npmjs.org/baseline-browser-mapping/-/baseline-browser-mapping-2.10.35.tgz 3418ms (cache miss)
847 http fetch GET 200 https://registry.npmjs.org/@jridgewell/trace-mapping/-/trace-mapping-0.3.31.tgz 3641ms (cache miss)
848 http fetch GET 200 https://registry.npmjs.org/react/-/react-18.3.1.tgz 3646ms (cache miss)
849 http fetch GET 200 https://registry.npmjs.org/postcss/-/postcss-8.5.15.tgz 4178ms (cache miss)
850 http fetch GET 200 https://registry.npmjs.org/@babel/generator/-/generator-7.29.7.tgz 4106ms (cache miss)
851 http fetch GET 200 https://registry.npmjs.org/@rollup/rollup-linux-x64-gnu/-/rollup-linux-x64-gnu-4.61.1.tgz 4509ms (cache miss)
852 http fetch GET 200 https://registry.npmjs.org/@babel/traverse/-/traverse-7.29.7.tgz 4637ms (cache miss)
853 http fetch GET 200 https://registry.npmjs.org/@babel/parser/-/parser-7.29.7.tgz 4746ms (cache miss)
854 http fetch GET 200 https://registry.npmjs.org/rollup/-/rollup-4.61.1.tgz 8154ms (cache miss)
855 http fetch GET 200 https://registry.npmjs.org/@babel/core/-/core-7.29.7.tgz 8135ms (cache miss)
856 http fetch GET 200 https://registry.npmjs.org/vite/-/vite-5.4.21.tgz 8402ms (cache miss)
857 http fetch GET 200 https://registry.npmjs.org/@babel/helpers/-/helpers-7.29.7.tgz 8686ms (cache miss)
858 http fetch GET 200 https://registry.npmjs.org/react-dom/-/react-dom-18.3.1.tgz 8697ms (cache miss)
859 http fetch GET 200 https://registry.npmjs.org/@babel/types/-/types-7.29.7.tgz 9120ms (cache miss)
860 http fetch GET 200 https://registry.npmjs.org/@esbuild/linux-x64/-/linux-x64-0.21.5.tgz 9507ms (cache miss)
861 http fetch GET 200 https://registry.npmjs.org/caniuse-lite/-/caniuse-lite-1.0.30001799.tgz 10902ms (cache miss)
862 info run esbuild@0.21.5 postinstall node_modules/esbuild node install.js
863 info run esbuild@0.21.5 postinstall { code: 0, signal: null }
864 silly ADD node_modules/@types/estree
865 silly ADD
866 silly ADD
867 silly ADD
868 silly ADD
869 silly ADD
870 silly ADD
871 silly ADD
872 silly ADD node_modules/@rollup/rollup-linux-x64-gnu
873 silly ADD
874 silly ADD
875 silly ADD
876 silly ADD
877 silly ADD
878 silly ADD
879 silly ADD
880 silly ADD
881 silly ADD
882 silly ADD
883 silly ADD
884 silly ADD
885 silly ADD
886 silly ADD
887 silly ADD
888 silly ADD
889 silly ADD
890 silly ADD node_modules/source-map-js
891 silly ADD node_modules/nanoid
892 silly ADD
893 silly ADD
894 silly ADD
895 silly ADD
896 silly ADD
897 silly ADD
898 silly ADD node_modules/@esbuild/linux-x64
899 silly ADD
900 silly ADD
901 silly ADD
902 silly ADD
903 silly ADD
904 silly ADD
905 silly ADD
906 silly ADD
907 silly ADD
908 silly ADD
909 silly ADD
910 silly ADD
911 silly ADD
912 silly ADD
913 silly ADD
914 silly ADD
915 silly ADD node_modules/rollup
916 silly ADD node_modules/postcss
917 silly ADD
918 silly ADD node_modules/esbuild
919 silly ADD node_modules/escalade
920 silly ADD node_modules/scheduler
921 silly ADD node_modules/loose-envify
922 silly ADD node_modules/yallist
923 silly ADD node_modules/ms
924 silly ADD node_modules/update-browserslist-db
925 silly ADD node_modules/node-releases
926 silly ADD node_modules/electron-to-chromium
927 silly ADD node_modules/caniuse-lite
928 silly ADD node_modules/baseline-browser-mapping
929 silly ADD node_modules/@types/babel__traverse
930 silly ADD node_modules/@types/babel__template
931 silly ADD node_modules/@types/babel__generator
932 silly ADD node_modules/@jridgewell/resolve-uri
933 silly ADD node_modules/@jridgewell/sourcemap-codec
934 silly ADD node_modules/@babel/helper-string-parser
935 silly ADD node_modules/@babel/helper-globals
936 silly ADD node_modules/@babel/helper-plugin-utils
937 silly ADD node_modules/@babel/helper-module-imports
938 silly ADD node_modules/lru-cache
939 silly ADD node_modules/browserslist
940 silly ADD node_modules/@babel/helper-validator-option
941 silly ADD node_modules/@babel/compat-data
942 silly ADD node_modules/jsesc
943 silly ADD node_modules/@jridgewell/trace-mapping
944 silly ADD node_modules/@jridgewell/gen-mapping
945 silly ADD node_modules/picocolors
946 silly ADD node_modules/js-tokens
947 silly ADD node_modules/@babel/helper-validator-identifier
948 silly ADD node_modules/semver
949 silly ADD node_modules/json5
950 silly ADD node_modules/gensync
951 silly ADD node_modules/debug
952 silly ADD node_modules/convert-source-map
953 silly ADD node_modules/@jridgewell/remapping
954 silly ADD node_modules/@babel/types
955 silly ADD node_modules/@babel/traverse
956 silly ADD node_modules/@babel/template
957 silly ADD node_modules/@babel/parser
958 silly ADD node_modules/@babel/helpers
959 silly ADD node_modules/@babel/helper-module-transforms
960 silly ADD node_modules/@babel/helper-compilation-targets
961 silly ADD node_modules/@babel/generator
962 silly ADD node_modules/@babel/code-frame
963 silly ADD node_modules/react-refresh
964 silly ADD node_modules/@types/babel__core
965 silly ADD node_modules/@rolldown/pluginutils
966 silly ADD node_modules/@babel/plugin-transform-react-jsx-source
967 silly ADD node_modules/@babel/plugin-transform-react-jsx-self
968 silly ADD node_modules/@babel/core
969 silly ADD node_modules/react-dom
970 silly ADD node_modules/react
971 silly ADD node_modules/vite
972 silly ADD node_modules/@vitejs/plugin-react
973 verbose cwd /mnt/g/development/Advisory/web
974 verbose os Linux 5.15.167.4-microsoft-standard-WSL2
975 verbose node v20.19.4
976 verbose npm  v10.8.2
977 verbose exit 0
978 info ok
